Archive member included because of file (symbol)

c:/program files (x86)/atmel/atmel toolchain/avr32 gcc/native/3.4.1057/avr32-gnu-toolchain/bin/../lib/gcc/avr32/4.4.7/../../../../avr32/lib/ucr2\libc.a(lib_a-memcpy.o)
                              src/ASF/avr32/drivers/flashc/flashc.o (memcpy)
c:/program files (x86)/atmel/atmel toolchain/avr32 gcc/native/3.4.1057/avr32-gnu-toolchain/bin/../lib/gcc/avr32/4.4.7/../../../../avr32/lib/ucr2\libc.a(lib_a-vsprintf.o)
                              src/ASF/avr32/components/display/dip204/dip204.o (vsprintf)
c:/program files (x86)/atmel/atmel toolchain/avr32 gcc/native/3.4.1057/avr32-gnu-toolchain/bin/../lib/gcc/avr32/4.4.7/../../../../avr32/lib/ucr2\libc.a(lib_a-impure.o)
                              c:/program files (x86)/atmel/atmel toolchain/avr32 gcc/native/3.4.1057/avr32-gnu-toolchain/bin/../lib/gcc/avr32/4.4.7/../../../../avr32/lib/ucr2\libc.a(lib_a-vsprintf.o) (_impure_ptr)
c:/program files (x86)/atmel/atmel toolchain/avr32 gcc/native/3.4.1057/avr32-gnu-toolchain/bin/../lib/gcc/avr32/4.4.7/../../../../avr32/lib/ucr2\libc.a(lib_a-vfprintf.o)
                              c:/program files (x86)/atmel/atmel toolchain/avr32 gcc/native/3.4.1057/avr32-gnu-toolchain/bin/../lib/gcc/avr32/4.4.7/../../../../avr32/lib/ucr2\libc.a(lib_a-vsprintf.o) (_vfprintf_r)
c:/program files (x86)/atmel/atmel toolchain/avr32 gcc/native/3.4.1057/avr32-gnu-toolchain/bin/../lib/gcc/avr32/4.4.7/../../../../avr32/lib/ucr2\libc.a(lib_a-wsetup.o)
                              c:/program files (x86)/atmel/atmel toolchain/avr32 gcc/native/3.4.1057/avr32-gnu-toolchain/bin/../lib/gcc/avr32/4.4.7/../../../../avr32/lib/ucr2\libc.a(lib_a-vfprintf.o) (__swsetup_r)
c:/program files (x86)/atmel/atmel toolchain/avr32 gcc/native/3.4.1057/avr32-gnu-toolchain/bin/../lib/gcc/avr32/4.4.7/../../../../avr32/lib/ucr2\libc.a(lib_a-dtoa.o)
                              c:/program files (x86)/atmel/atmel toolchain/avr32 gcc/native/3.4.1057/avr32-gnu-toolchain/bin/../lib/gcc/avr32/4.4.7/../../../../avr32/lib/ucr2\libc.a(lib_a-vfprintf.o) (_dtoa_r)
c:/program files (x86)/atmel/atmel toolchain/avr32 gcc/native/3.4.1057/avr32-gnu-toolchain/bin/../lib/gcc/avr32/4.4.7/../../../../avr32/lib/ucr2\libc.a(lib_a-fflush.o)
                              c:/program files (x86)/atmel/atmel toolchain/avr32 gcc/native/3.4.1057/avr32-gnu-toolchain/bin/../lib/gcc/avr32/4.4.7/../../../../avr32/lib/ucr2\libc.a(lib_a-vfprintf.o) (_fflush_r)
c:/program files (x86)/atmel/atmel toolchain/avr32 gcc/native/3.4.1057/avr32-gnu-toolchain/bin/../lib/gcc/avr32/4.4.7/../../../../avr32/lib/ucr2\libc.a(lib_a-findfp.o)
                              c:/program files (x86)/atmel/atmel toolchain/avr32 gcc/native/3.4.1057/avr32-gnu-toolchain/bin/../lib/gcc/avr32/4.4.7/../../../../avr32/lib/ucr2\libc.a(lib_a-vfprintf.o) (__sinit)
c:/program files (x86)/atmel/atmel toolchain/avr32 gcc/native/3.4.1057/avr32-gnu-toolchain/bin/../lib/gcc/avr32/4.4.7/../../../../avr32/lib/ucr2\libc.a(lib_a-freer.o)
                              c:/program files (x86)/atmel/atmel toolchain/avr32 gcc/native/3.4.1057/avr32-gnu-toolchain/bin/../lib/gcc/avr32/4.4.7/../../../../avr32/lib/ucr2\libc.a(lib_a-wsetup.o) (_free_r)
c:/program files (x86)/atmel/atmel toolchain/avr32 gcc/native/3.4.1057/avr32-gnu-toolchain/bin/../lib/gcc/avr32/4.4.7/../../../../avr32/lib/ucr2\libc.a(lib_a-fvwrite.o)
                              c:/program files (x86)/atmel/atmel toolchain/avr32 gcc/native/3.4.1057/avr32-gnu-toolchain/bin/../lib/gcc/avr32/4.4.7/../../../../avr32/lib/ucr2\libc.a(lib_a-vfprintf.o) (__sfvwrite_r)
c:/program files (x86)/atmel/atmel toolchain/avr32 gcc/native/3.4.1057/avr32-gnu-toolchain/bin/../lib/gcc/avr32/4.4.7/../../../../avr32/lib/ucr2\libc.a(lib_a-fwalk.o)
                              c:/program files (x86)/atmel/atmel toolchain/avr32 gcc/native/3.4.1057/avr32-gnu-toolchain/bin/../lib/gcc/avr32/4.4.7/../../../../avr32/lib/ucr2\libc.a(lib_a-fflush.o) (_fwalk_reent)
c:/program files (x86)/atmel/atmel toolchain/avr32 gcc/native/3.4.1057/avr32-gnu-toolchain/bin/../lib/gcc/avr32/4.4.7/../../../../avr32/lib/ucr2\libc.a(lib_a-locale.o)
                              c:/program files (x86)/atmel/atmel toolchain/avr32 gcc/native/3.4.1057/avr32-gnu-toolchain/bin/../lib/gcc/avr32/4.4.7/../../../../avr32/lib/ucr2\libc.a(lib_a-vfprintf.o) (_localeconv_r)
c:/program files (x86)/atmel/atmel toolchain/avr32 gcc/native/3.4.1057/avr32-gnu-toolchain/bin/../lib/gcc/avr32/4.4.7/../../../../avr32/lib/ucr2\libc.a(lib_a-makebuf.o)
                              c:/program files (x86)/atmel/atmel toolchain/avr32 gcc/native/3.4.1057/avr32-gnu-toolchain/bin/../lib/gcc/avr32/4.4.7/../../../../avr32/lib/ucr2\libc.a(lib_a-wsetup.o) (__smakebuf_r)
c:/program files (x86)/atmel/atmel toolchain/avr32 gcc/native/3.4.1057/avr32-gnu-toolchain/bin/../lib/gcc/avr32/4.4.7/../../../../avr32/lib/ucr2\libc.a(lib_a-malloc.o)
[...]
Memory Configuration

Name             Origin             Length             Attributes
FLASH            0x80000000         0x00080000         axrl !w
INTRAM           0x00000004         0x0000fffc         axw !rl
USERPAGE         0x80800000         0x00000200
*default*        0x00000000         0xffffffff

Linker script and memory map

                0x00001000                _stack_size = 0x1000
LOAD src/CAN/can.o
LOAD src/main.o
LOAD src/ASF/avr32/boards/evk1100/led.o
LOAD src/ASF/avr32/components/display/dip204/dip204.o
LOAD src/ASF/avr32/drivers/flashc/flashc.o
LOAD src/ASF/avr32/drivers/gpio/gpio.o
LOAD src/ASF/avr32/drivers/intc/exception.o
LOAD src/ASF/avr32/drivers/intc/intc.o
LOAD src/ASF/avr32/drivers/pm/pm.o
LOAD src/ASF/avr32/drivers/pm/pm_conf_clocks.o
LOAD src/ASF/avr32/drivers/pm/power_clocks_lib.o
LOAD src/ASF/avr32/drivers/pwm/pwm.o
LOAD src/ASF/avr32/drivers/spi/spi.o
LOAD src/ASF/avr32/utils/startup/startup_uc3.o
LOAD src/ASF/avr32/utils/startup/trampoline_uc3.o
LOAD src/ASF/common/services/clock/uc3a0_a1/sysclk.o
START GROUP
LOAD c:/program files (x86)/atmel/atmel toolchain/avr32 gcc/native/3.4.1057/avr32-gnu-toolchain/bin/../lib/gcc/avr32/4.4.7/../../../../avr32/lib/ucr2\libm.a
END GROUP
LOAD c:/program files (x86)/atmel/atmel toolchain/avr32 gcc/native/3.4.1057/avr32-gnu-toolchain/bin/../lib/gcc/avr32/4.4.7/ucr2\libgcc.a
LOAD c:/program files (x86)/atmel/atmel toolchain/avr32 gcc/native/3.4.1057/avr32-gnu-toolchain/bin/../lib/gcc/avr32/4.4.7/../../../../avr32/lib/ucr2\libc.a
LOAD c:/program files (x86)/atmel/atmel toolchain/avr32 gcc/native/3.4.1057/avr32-gnu-toolchain/bin/../lib/gcc/avr32/4.4.7/ucr2\libgcc.a
                0xffffffff                __max_heap_size__ = 0xffffffff
                [0xffffffff]                __heap_size__ = DEFINED (__heap_size__)?__heap_size__:__max_heap_size__
                [0x00001000]                __stack_size__ = DEFINED (__stack_size__)?__stack_size__:0x1000
                0x80000000                PROVIDE (__executable_start, 0x80000000)
                0x80000000                . = 0x80000000

.interp
 *(.interp)

.reset          0x80000000     0x2008
 *(.reset)
 .reset         0x80000000        0x4 src/ASF/avr32/utils/startup/startup_uc3.o
                                  0x8 (size before relaxing)
                0x80000000                _start
 .reset         0x80000004     0x2004 src/ASF/avr32/utils/startup/trampoline_uc3.o
                               0x2008 (size before relaxing)
                0x80000004                _trampoline

.hash
 *(.hash)

.dynsym
 *(.dynsym)

.dynstr
 *(.dynstr)

.gnu.version
 *(.gnu.version)

.gnu.version_d
 *(.gnu.version_d)

.gnu.version_r
 *(.gnu.version_r)

.rel.init
 *(.rel.init)

.rela.init
 *(.rela.init)

.rel.text
 *(.rel.text .rel.text.* .rel.gnu.linkonce.t.*)

.rela.text
 *(.rela.text .rela.text.* .rela.gnu.linkonce.t.*)

.rel.fini
 *(.rel.fini)

.rela.fini
 *(.rela.fini)

.rel.rodata
 *(.rel.rodata .rel.rodata.* .rel.gnu.linkonce.r.*)

.rela.rodata
 *(.rela.rodata .rela.rodata.* .rela.gnu.linkonce.r.*)

.rel.data.rel.ro
 *(.rel.data.rel.ro*)

.rela.data.rel.ro
 *(.rel.data.rel.ro*)

.rel.data
 *(.rel.data .rel.data.* .rel.gnu.linkonce.d.*)

.rela.data
 *(.rela.data .rela.data.* .rela.gnu.linkonce.d.*)

.rel.tdata
 *(.rel.tdata .rel.tdata.* .rel.gnu.linkonce.td.*)

.rela.tdata
 *(.rela.tdata .rela.tdata.* .rela.gnu.linkonce.td.*)

.rel.tbss
 *(.rel.tbss .rel.tbss.* .rel.gnu.linkonce.tb.*)

.rela.tbss
 *(.rela.tbss .rela.tbss.* .rela.gnu.linkonce.tb.*)

.rel.ctors
 *(.rel.ctors)

.rela.ctors
 *(.rela.ctors)

.rel.dtors
 *(.rel.dtors)

.rela.dtors
 *(.rela.dtors)

.rel.got
 *(.rel.got)

.rela.got       0x80002008        0x0
 *(.rela.got)
 .rela.got      0x80002008        0x0 src/ASF/avr32/drivers/flashc/flashc.o

.rel.bss
 *(.rel.bss .rel.bss.* .rel.gnu.linkonce.b.*)

.rela.bss
 *(.rela.bss .rela.bss.* .rela.gnu.linkonce.b.*)

.rel.plt
 *(.rel.plt)

.rela.plt
 *(.rela.plt)

.init
 *(.init)

.plt
 *(.plt)

.text           0x80002008     0x6cdc
 *(.text .stub .text.* .gnu.linkonce.t.*)
 .text.ClearMessages
                0x80002008       0x14 src/CAN/can.o
                0x80002008                ClearMessages
 .text.config_dpi204
                0x8000201c       0x78 src/CAN/can.o
                0x8000201c                config_dpi204
 .text.mASSERT_CS
                0x80002094       0x14 src/CAN/can.o
                0x80002094                mASSERT_CS
 .text.config_SPI_SPARE
                0x800020a8       0x84 src/CAN/can.o
                0x800020a8                config_SPI_SPARE
 .text.XferSPI_send
                0x8000212c       0x10 src/CAN/can.o
 .text.ReadStatus2515
                0x8000213c       0x50 src/CAN/can.o
 .text.CANRxReady
                0x8000218c       0x14 src/CAN/can.o
                0x8000218c                CANRxReady
 .text.CANTxReady
                0x800021a0       0x14 src/CAN/can.o
                0x800021a0                CANTxReady
 .text.mDEASSERT_CS
                0x800021b4       0x14 src/CAN/can.o
                0x800021b4                mDEASSERT_CS
 .text.CAN2515ByteWrite
                0x800021c8       0x40 src/CAN/can.o
                0x800021c8                CAN2515ByteWrite
 .text.CAN2515SetRXB1Filters
                0x80002208       0xac src/CAN/can.o
                0x80002208                CAN2515SetRXB1Filters
 .text.CAN2515SetRXB0Filters
                0x800022b4       0x68 src/CAN/can.o
                0x800022b4                CAN2515SetRXB0Filters
 .text.CANReset
                0x8000231c       0x30 src/CAN/can.o
                0x8000231c                CANReset
 .text.CAN2515ByteRead
                0x8000234c       0x74 src/CAN/can.o
 .text.CANEnable
                0x800023c0       0xd4 src/CAN/can.o
                0x800023c0                CANEnable
 .text.InitializeCAN
                0x80002494       0x40 src/CAN/can.o
                0x80002494                InitializeCAN
 .text.Evk1100PrintDisp
                0x800024d4       0xf4 src/CAN/can.o
                0x800024d4                Evk1100PrintDisp
 .text.CANSendMsg
                0x800025c8      0x138 src/CAN/can.o
                0x800025c8                CANSendMsg
 .text.CANGetMsg
                0x80002700      0x1a4 src/CAN/can.o
                0x80002700                CANGetMsg
 .text.main     0x800028a4      0x15c src/main.o
                0x800028a4                main
 .text.LED_On   0x80002a00       0x50 src/ASF/avr32/boards/evk1100/led.o
                0x80002a00                LED_On
 .text.LED_Off  0x80002a50       0x54 src/ASF/avr32/boards/evk1100/led.o
                0x80002a50                LED_Off
 .text.dip204_select
                0x80002aa4       0x14 src/ASF/avr32/components/display/dip204/dip204.o
 .text.dip204_write_byte
                0x80002ab8       0x58 src/ASF/avr32/components/display/dip204/dip204.o
 .text.dip204_read_byte
                0x80002b10       0x3c src/ASF/avr32/components/display/dip204/dip204.o
 .text.dip204_wait_busy
                0x80002b4c       0x34 src/ASF/avr32/components/display/dip204/dip204.o
 .text.dip204_unselect
                0x80002b80       0x14 src/ASF/avr32/components/display/dip204/dip204.o
 .text.dip204_printf_string
                0x80002b94       0x98 src/ASF/avr32/components/display/dip204/dip204.o
                0x80002b94                dip204_printf_string
 .text.dip204_set_cursor_position
                0x80002c2c       0x5c src/ASF/avr32/components/display/dip204/dip204.o
                0x80002c2c                dip204_set_cursor_position
 .text.dip204_hide_cursor
                0x80002c88       0x30 src/ASF/avr32/components/display/dip204/dip204.o
                0x80002c88                dip204_hide_cursor
 .text.dip204_clear_display
                0x80002cb8       0x5c src/ASF/avr32/components/display/dip204/dip204.o
                0x80002cb8                dip204_clear_display
 .text.dip204_init
                0x80002d14      0x228 src/ASF/avr32/components/display/dip204/dip204.o
                0x80002d14                dip204_init
 .text.gpio_enable_module_pin
                0x80002f3c       0x52 src/ASF/avr32/drivers/gpio/gpio.o
                0x80002f3c                gpio_enable_module_pin
 *fill*         0x80002f8e        0x2 d703d703
 .text.gpio_enable_module
                0x80002f90       0x30 src/ASF/avr32/drivers/gpio/gpio.o
                0x80002f90                gpio_enable_module
 .text.gpio_set_gpio_pin
                0x80002fc0       0x1c src/ASF/avr32/drivers/gpio/gpio.o
                0x80002fc0                gpio_set_gpio_pin
 .text.gpio_clr_gpio_pin
                0x80002fdc       0x1c src/ASF/avr32/drivers/gpio/gpio.o
                0x80002fdc                gpio_clr_gpio_pin
 .text._unhandled_interrupt
                0x80002ff8        0x2 src/ASF/avr32/drivers/intc/intc.o
 *fill*         0x80002ffa        0x2 d703d703
 .text.INTC_init_interrupts
                0x80002ffc       0x54 src/ASF/avr32/drivers/intc/intc.o
                0x80002ffc                INTC_init_interrupts
 .text._get_interrupt_handler
                0x80003050       0x38 src/ASF/avr32/drivers/intc/intc.o
                0x80003050                _get_interrupt_handler
 .text.pm_set_osc0_mode
                0x80003088        0xa src/ASF/avr32/drivers/pm/pm.o
 *fill*         0x80003092        0x2 d703d703
 .text.pm_enable_osc0_crystal
                0x80003094       0x3c src/ASF/avr32/drivers/pm/pm.o
                0x80003094                pm_enable_osc0_crystal
 .text.pm_enable_clk0_no_wait
                0x800030d0       0x10 src/ASF/avr32/drivers/pm/pm.o
                0x800030d0                pm_enable_clk0_no_wait
 .text.pm_wait_for_clk0_ready
                0x800030e0        0xa src/ASF/avr32/drivers/pm/pm.o
                0x800030e0                pm_wait_for_clk0_ready
 *fill*         0x800030ea        0x2 d703d703
 .text.pm_enable_clk0
                0x800030ec       0x1c src/ASF/avr32/drivers/pm/pm.o
                0x800030ec                pm_enable_clk0
 .text.pm_switch_to_clock
                0x80003108        0xa src/ASF/avr32/drivers/pm/pm.o
                0x80003108                pm_switch_to_clock
 *fill*         0x80003112        0x2 d703d703
 .text.pm_switch_to_osc0
                0x80003114       0x2c src/ASF/avr32/drivers/pm/pm.o
                0x80003114                pm_switch_to_osc0
 .text.pwm_channel_init
                0x80003140       0x36 src/ASF/avr32/drivers/pwm/pwm.o
                0x80003140                pwm_channel_init
 .text.pwm_start_channels
                0x80003176       0x12 src/ASF/avr32/drivers/pwm/pwm.o
                0x80003176                pwm_start_channels
 .text.pwm_init
                0x80003188       0x46 src/ASF/avr32/drivers/pwm/pwm.o
                0x80003188                pwm_init
 .text.getBaudDiv
                0x800031ce       0x20 src/ASF/avr32/drivers/spi/spi.o
                0x800031ce                getBaudDiv
 .text.spi_initMaster
                0x800031ee       0x38 src/ASF/avr32/drivers/spi/spi.o
                0x800031ee                spi_initMaster
 .text.spi_selectionMode
                0x80003226       0x2c src/ASF/avr32/drivers/spi/spi.o
                0x80003226                spi_selectionMode
 .text.spi_selectChip
                0x80003252       0x4c src/ASF/avr32/drivers/spi/spi.o
                0x80003252                spi_selectChip
 .text.spi_unselectChip
                0x8000329e       0x26 src/ASF/avr32/drivers/spi/spi.o
                0x8000329e                spi_unselectChip
 .text.spi_setupChipReg
                0x800032c4       0xb8 src/ASF/avr32/drivers/spi/spi.o
                0x800032c4                spi_setupChipReg
 .text.spi_enable
                0x8000337c        0x6 src/ASF/avr32/drivers/spi/spi.o
                0x8000337c                spi_enable
 .text.spi_write
                0x80003382       0x1c src/ASF/avr32/drivers/spi/spi.o
                0x80003382                spi_write
 .text.spi_readRegisterFullCheck
                0x8000339e        0x8 src/ASF/avr32/drivers/spi/spi.o
                0x8000339e                spi_readRegisterFullCheck
 .text.spi_read
                0x800033a6       0x20 src/ASF/avr32/drivers/spi/spi.o
                0x800033a6                spi_read
 *fill*         0x800033c6        0x2 d703d703
 .text._stext   0x800033c8       0x40 src/ASF/avr32/utils/startup/startup_uc3.o
                                 0x50 (size before relaxing)
                0x800033c8                _stext
 .text          0x80003408      0x148 c:/program files (x86)/atmel/atmel toolchain/avr32 gcc/native/3.4.1057/avr32-gnu-toolchain/bin/../lib/gcc/avr32/4.4.7/../../../../avr32/lib/ucr2\libc.a(lib_a-memcpy.o)
                0x80003408                memcpy
 .text._vsprintf_r
                0x80003550       0x2c c:/program files (x86)/atmel/atmel toolchain/avr32 gcc/native/3.4.1057/avr32-gnu-toolchain/bin/../lib/gcc/avr32/4.4.7/../../../../avr32/lib/ucr2\libc.a(lib_a-vsprintf.o)
                                 0x34 (size before relaxing)
                0x80003550                _vsprintf_r
 .text.vsprintf
                0x8000357c       0x14 c:/program files (x86)/atmel/atmel toolchain/avr32 gcc/native/3.4.1057/avr32-gnu-toolchain/bin/../lib/gcc/avr32/4.4.7/../../../../avr32/lib/ucr2\libc.a(lib_a-vsprintf.o)
                                 0x1c (size before relaxing)
                0x8000357c                vsprintf
 .text.get_arg  0x80003590      0x314 c:/program files (x86)/atmel/atmel toolchain/avr32 gcc/native/3.4.1057/avr32-gnu-toolchain/bin/../lib/gcc/avr32/4.4.7/../../../../avr32/lib/ucr2\libc.a(lib_a-vfprintf.o)
                                0x324 (size before relaxing)
 .text.__sprint_r
                0x800038a4       0x1c c:/program files (x86)/atmel/atmel toolchain/avr32 gcc/native/3.4.1057/avr32-gnu-toolchain/bin/../lib/gcc/avr32/4.4.7/../../../../avr32/lib/ucr2\libc.a(lib_a-vfprintf.o)
                                 0x20 (size before relaxing)
 .text._vfprintf_r
                0x800038c0     0x1f14 c:/program files (x86)/atmel/atmel toolchain/avr32 gcc/native/3.4.1057/avr32-gnu-toolchain/bin/../lib/gcc/avr32/4.4.7/../../../../avr32/lib/ucr2\libc.a(lib_a-vfprintf.o)
                               0x1f9c (size before relaxing)
                0x800038c0                _vfprintf_r
 .text.__swsetup_r
                0x800057d4       0xdc c:/program files (x86)/atmel/atmel toolchain/avr32 gcc/native/3.4.1057/avr32-gnu-toolchain/bin/../lib/gcc/avr32/4.4.7/../../../../avr32/lib/ucr2\libc.a(lib_a-wsetup.o)
                                 0xe8 (size before relaxing)
                0x800057d4                __swsetup_r
 .text.quorem   0x800058b0      0x120 c:/program files (x86)/atmel/atmel toolchain/avr32 gcc/native/3.4.1057/avr32-gnu-toolchain/bin/../lib/gcc/avr32/4.4.7/../../../../avr32/lib/ucr2\libc.a(lib_a-dtoa.o)
                                0x124 (size before relaxing)
 .text._dtoa_r  0x800059d0      0xbdc c:/program files (x86)/atmel/atmel toolchain/avr32 gcc/native/3.4.1057/avr32-gnu-toolchain/bin/../lib/gcc/avr32/4.4.7/../../../../avr32/lib/ucr2\libc.a(lib_a-dtoa.o)
                                0xc90 (size before relaxing)
                0x800059d0                _dtoa_r
 .text._fflush_r
                0x800065ac      0x10c c:/program files (x86)/atmel/atmel toolchain/avr32 gcc/native/3.4.1057/avr32-gnu-toolchain/bin/../lib/gcc/avr32/4.4.7/../../../../avr32/lib/ucr2\libc.a(lib_a-fflush.o)
                                0x118 (size before relaxing)
                0x800065ac                _fflush_r
 .text.__sfp_lock_acquire
                0x800066b8        0x2 c:/program files (x86)/atmel/atmel toolchain/avr32 gcc/native/3.4.1057/avr32-gnu-toolchain/bin/../lib/gcc/avr32/4.4.7/../../../../avr32/lib/ucr2\libc.a(lib_a-findfp.o)
                0x800066b8                __sfp_lock_acquire
 .text.__sfp_lock_release
                0x800066ba        0x2 c:/program files (x86)/atmel/atmel toolchain/avr32 gcc/native/3.4.1057/avr32-gnu-toolchain/bin/../lib/gcc/avr32/4.4.7/../../../../avr32/lib/ucr2\libc.a(lib_a-findfp.o)
                0x800066ba                __sfp_lock_release
 .text._cleanup_r
                0x800066bc        0xc c:/program files (x86)/atmel/atmel toolchain/avr32 gcc/native/3.4.1057/avr32-gnu-toolchain/bin/../lib/gcc/avr32/4.4.7/../../../../avr32/lib/ucr2\libc.a(lib_a-findfp.o)
                                 0x14 (size before relaxing)
                0x800066bc                _cleanup_r
 .text.__sfmoreglue
                0x800066c8       0x28 c:/program files (x86)/atmel/atmel toolchain/avr32 gcc/native/3.4.1057/avr32-gnu-toolchain/bin/../lib/gcc/avr32/4.4.7/../../../../avr32/lib/ucr2\libc.a(lib_a-findfp.o)
                                 0x30 (size before relaxing)
                0x800066c8                __sfmoreglue
 .text.__sfp    0x800066f0       0x6c c:/program files (x86)/atmel/atmel toolchain/avr32 gcc/native/3.4.1057/avr32-gnu-toolchain/bin/../lib/gcc/avr32/4.4.7/../../../../avr32/lib/ucr2\libc.a(lib_a-findfp.o)
                                 0x7c (size before relaxing)
                0x800066f0                __sfp
 .text.__sinit  0x8000675c       0x9c c:/program files (x86)/atmel/atmel toolchain/avr32 gcc/native/3.4.1057/avr32-gnu-toolchain/bin/../lib/gcc/avr32/4.4.7/../../../../avr32/lib/ucr2\libc.a(lib_a-findfp.o)
                                 0xb0 (size before relaxing)
                0x8000675c                __sinit
 .text._malloc_trim_r
                0x800067f8       0x98 c:/program files (x86)/atmel/atmel toolchain/avr32 gcc/native/3.4.1057/avr32-gnu-toolchain/bin/../lib/gcc/avr32/4.4.7/../../../../avr32/lib/ucr2\libc.a(lib_a-freer.o)
                                 0xa8 (size before relaxing)
                0x800067f8                _malloc_trim_r
 .text._free_r  0x80006890      0x18c c:/program files (x86)/atmel/atmel toolchain/avr32 gcc/native/3.4.1057/avr32-gnu-toolchain/bin/../lib/gcc/avr32/4.4.7/../../../../avr32/lib/ucr2\libc.a(lib_a-freer.o)
                                0x1a0 (size before relaxing)
                0x80006890                _free_r
 .text.__sfvwrite_r
                0x80006a1c      0x2a0 c:/program files (x86)/atmel/atmel toolchain/avr32 gcc/native/3.4.1057/avr32-gnu-toolchain/bin/../lib/gcc/avr32/4.4.7/../../../../avr32/lib/ucr2\libc.a(lib_a-fvwrite.o)
                                0x2c4 (size before relaxing)
                0x80006a1c                __sfvwrite_r
 .text._fwalk   0x80006cbc       0x4c c:/program files (x86)/atmel/atmel toolchain/avr32 gcc/native/3.4.1057/avr32-gnu-toolchain/bin/../lib/gcc/avr32/4.4.7/../../../../avr32/lib/ucr2\libc.a(lib_a-fwalk.o)
                                 0x54 (size before relaxing)
                0x80006cbc                _fwalk
 .text._localeconv_r
                0x80006d08        0x8 c:/program files (x86)/atmel/atmel toolchain/avr32 gcc/native/3.4.1057/avr32-gnu-toolchain/bin/../lib/gcc/avr32/4.4.7/../../../../avr32/lib/ucr2\libc.a(lib_a-locale.o)
                0x80006d08                _localeconv_r
 .text.__smakebuf_r
                0x80006d10       0xbc c:/program files (x86)/atmel/atmel toolchain/avr32 gcc/native/3.4.1057/avr32-gnu-toolchain/bin/../lib/gcc/avr32/4.4.7/../../../../avr32/lib/ucr2\libc.a(lib_a-makebuf.o)
                                 0xcc (size before relaxing)
                0x80006d10                __smakebuf_r
 .text.malloc   0x80006dcc       0x10 c:/program files (x86)/atmel/atmel toolchain/avr32 gcc/native/3.4.1057/avr32-gnu-toolchain/bin/../lib/gcc/avr32/4.4.7/../../../../avr32/lib/ucr2\libc.a(lib_a-malloc.o)
                                 0x18 (size before relaxing)
                0x80006dcc                malloc
 .text._malloc_r
                0x80006ddc      0x430 c:/program files (x86)/atmel/atmel toolchain/avr32 gcc/native/3.4.1057/avr32-gnu-toolchain/bin/../lib/gcc/avr32/4.4.7/../../../../avr32/lib/ucr2\libc.a(lib_a-mallocr.o)
                                0x450 (size before relaxing)
                0x80006ddc                _malloc_r
 .text.memchr   0x8000720c       0x16 c:/program files (x86)/atmel/atmel toolchain/avr32 gcc/native/3.4.1057/avr32-gnu-toolchain/bin/../lib/gcc/avr32/4.4.7/../../../../avr32/lib/ucr2\libc.a(lib_a-memchr.o)
                0x8000720c                memchr
 .text.memmove  0x80007222       0x3e c:/program files (x86)/atmel/atmel toolchain/avr32 gcc/native/3.4.1057/avr32-gnu-toolchain/bin/../lib/gcc/avr32/4.4.7/../../../../avr32/lib/ucr2\libc.a(lib_a-memmove.o)
                0x80007222                memmove
 .text.memset   0x80007260        0xe c:/program files (x86)/atmel/atmel toolchain/avr32 gcc/native/3.4.1057/avr32-gnu-toolchain/bin/../lib/gcc/avr32/4.4.7/../../../../avr32/lib/ucr2\libc.a(lib_a-memset.o)
                0x80007260                memset
 .text.__malloc_lock
                0x8000726e        0x2 c:/program files (x86)/atmel/atmel toolchain/avr32 gcc/native/3.4.1057/avr32-gnu-toolchain/bin/../lib/gcc/avr32/4.4.7/../../../../avr32/lib/ucr2\libc.a(lib_a-mlock.o)
                0x8000726e                __malloc_lock
 .text.__malloc_unlock
                0x80007270        0x2 c:/program files (x86)/atmel/atmel toolchain/avr32 gcc/native/3.4.1057/avr32-gnu-toolchain/bin/../lib/gcc/avr32/4.4.7/../../../../avr32/lib/ucr2\libc.a(lib_a-mlock.o)
                0x80007270                __malloc_unlock
 .text.__hi0bits
                0x80007272       0x60 c:/program files (x86)/atmel/atmel toolchain/avr32 gcc/native/3.4.1057/avr32-gnu-toolchain/bin/../lib/gcc/avr32/4.4.7/../../../../avr32/lib/ucr2\libc.a(lib_a-mprec.o)
                0x80007272                __hi0bits
 .text.__lo0bits
                0x800072d2       0x8e c:/program files (x86)/atmel/atmel toolchain/avr32 gcc/native/3.4.1057/avr32-gnu-toolchain/bin/../lib/gcc/avr32/4.4.7/../../../../avr32/lib/ucr2\libc.a(lib_a-mprec.o)
                0x800072d2                __lo0bits
 .text.__mcmp   0x80007360       0x32 c:/program files (x86)/atmel/atmel toolchain/avr32 gcc/native/3.4.1057/avr32-gnu-toolchain/bin/../lib/gcc/avr32/4.4.7/../../../../avr32/lib/ucr2\libc.a(lib_a-mprec.o)
                0x80007360                __mcmp
 *fill*         0x80007392        0x2 d703d703
 .text._Bfree   0x80007394       0x34 c:/program files (x86)/atmel/atmel toolchain/avr32 gcc/native/3.4.1057/avr32-gnu-toolchain/bin/../lib/gcc/avr32/4.4.7/../../../../avr32/lib/ucr2\libc.a(lib_a-mprec.o)
                                 0x38 (size before relaxing)
                0x80007394                _Bfree
 .text._Balloc  0x800073c8       0x70 c:/program files (x86)/atmel/atmel toolchain/avr32 gcc/native/3.4.1057/avr32-gnu-toolchain/bin/../lib/gcc/avr32/4.4.7/../../../../avr32/lib/ucr2\libc.a(lib_a-mprec.o)
                                 0x78 (size before relaxing)
                0x800073c8                _Balloc
 .text.__d2b    0x80007438       0xa0 c:/program files (x86)/atmel/atmel toolchain/avr32 gcc/native/3.4.1057/avr32-gnu-toolchain/bin/../lib/gcc/avr32/4.4.7/../../../../avr32/lib/ucr2\libc.a(lib_a-mprec.o)
                                 0xb4 (size before relaxing)
                0x80007438                __d2b
 .text.__mdiff  0x800074d8       0xd0 c:/program files (x86)/atmel/atmel toolchain/avr32 gcc/native/3.4.1057/avr32-gnu-toolchain/bin/../lib/gcc/avr32/4.4.7/../../../../avr32/lib/ucr2\libc.a(lib_a-mprec.o)
                                 0xd8 (size before relaxing)
                0x800074d8                __mdiff
 .text.__lshift
                0x800075a8       0x88 c:/program files (x86)/atmel/atmel toolchain/avr32 gcc/native/3.4.1057/avr32-gnu-toolchain/bin/../lib/gcc/avr32/4.4.7/../../../../avr32/lib/ucr2\libc.a(lib_a-mprec.o)
                                 0x94 (size before relaxing)
                0x800075a8                __lshift
 .text.__multiply
                0x80007630      0x100 c:/program files (x86)/atmel/atmel toolchain/avr32 gcc/native/3.4.1057/avr32-gnu-toolchain/bin/../lib/gcc/avr32/4.4.7/../../../../avr32/lib/ucr2\libc.a(lib_a-mprec.o)
                                0x108 (size before relaxing)
                0x80007630                __multiply
 .text.__i2b    0x80007730       0x10 c:/program files (x86)/atmel/atmel toolchain/avr32 gcc/native/3.4.1057/avr32-gnu-toolchain/bin/../lib/gcc/avr32/4.4.7/../../../../avr32/lib/ucr2\libc.a(lib_a-mprec.o)
                                 0x18 (size before relaxing)
                0x80007730                __i2b
 .text.__multadd
                0x80007740       0x7c c:/program files (x86)/atmel/atmel toolchain/avr32 gcc/native/3.4.1057/avr32-gnu-toolchain/bin/../lib/gcc/avr32/4.4.7/../../../../avr32/lib/ucr2\libc.a(lib_a-mprec.o)
                                 0x88 (size before relaxing)
                0x80007740                __multadd
 .text.__pow5mult
                0x800077bc       0x8c c:/program files (x86)/atmel/atmel toolchain/avr32 gcc/native/3.4.1057/avr32-gnu-toolchain/bin/../lib/gcc/avr32/4.4.7/../../../../avr32/lib/ucr2\libc.a(lib_a-mprec.o)
                                 0xac (size before relaxing)
                0x800077bc                __pow5mult
 .text._realloc_r
                0x80007848      0x2c0 c:/program files (x86)/atmel/atmel toolchain/avr32 gcc/native/3.4.1057/avr32-gnu-toolchain/bin/../lib/gcc/avr32/4.4.7/../../../../avr32/lib/ucr2\libc.a(lib_a-reallocr.o)
                                0x2e0 (size before relaxing)
                0x80007848                _realloc_r
 .text.__isinfd
                0x80007b08       0x2a c:/program files (x86)/atmel/atmel toolchain/avr32 gcc/native/3.4.1057/avr32-gnu-toolchain/bin/../lib/gcc/avr32/4.4.7/../../../../avr32/lib/ucr2\libc.a(lib_a-s_isinfd.o)
                0x80007b08                __isinfd
 .text.__isnand
                0x80007b32       0x1c c:/program files (x86)/atmel/atmel toolchain/avr32 gcc/native/3.4.1057/avr32-gnu-toolchain/bin/../lib/gcc/avr32/4.4.7/../../../../avr32/lib/ucr2\libc.a(lib_a-s_isnand.o)
                0x80007b32                __isnand
 *fill*         0x80007b4e        0x2 d703d703
 .text._sbrk_r  0x80007b50       0x20 c:/program files (x86)/atmel/atmel toolchain/avr32 gcc/native/3.4.1057/avr32-gnu-toolchain/bin/../lib/gcc/avr32/4.4.7/../../../../avr32/lib/ucr2\libc.a(lib_a-sbrkr.o)
                                 0x28 (size before relaxing)
                0x80007b50                _sbrk_r
 .text.__sclose
                0x80007b70        0x8 c:/program files (x86)/atmel/atmel toolchain/avr32 gcc/native/3.4.1057/avr32-gnu-toolchain/bin/../lib/gcc/avr32/4.4.7/../../../../avr32/lib/ucr2\libc.a(lib_a-stdio.o)
                                 0x10 (size before relaxing)
                0x80007b70                __sclose
 .text.__sseek  0x80007b78       0x20 c:/program files (x86)/atmel/atmel toolchain/avr32 gcc/native/3.4.1057/avr32-gnu-toolchain/bin/../lib/gcc/avr32/4.4.7/../../../../avr32/lib/ucr2\libc.a(lib_a-stdio.o)
                                 0x28 (size before relaxing)
                0x80007b78                __sseek
 .text.__swrite
                0x80007b98       0x2c c:/program files (x86)/atmel/atmel toolchain/avr32 gcc/native/3.4.1057/avr32-gnu-toolchain/bin/../lib/gcc/avr32/4.4.7/../../../../avr32/lib/ucr2\libc.a(lib_a-stdio.o)
                                 0x38 (size before relaxing)
                0x80007b98                __swrite
 .text.__sread  0x80007bc4       0x1c c:/program files (x86)/atmel/atmel toolchain/avr32 gcc/native/3.4.1057/avr32-gnu-toolchain/bin/../lib/gcc/avr32/4.4.7/../../../../avr32/lib/ucr2\libc.a(lib_a-stdio.o)
                                 0x24 (size before relaxing)
                0x80007bc4                __sread
 .text.strlen   0x80007be0       0x16 c:/program files (x86)/atmel/atmel toolchain/avr32 gcc/native/3.4.1057/avr32-gnu-toolchain/bin/../lib/gcc/avr32/4.4.7/../../../../avr32/lib/ucr2\libc.a(lib_a-strlen.o)
                0x80007be0                strlen
 *fill*         0x80007bf6        0x2 d703d703
 .text._close   0x80007bf8       0x14 c:/program files (x86)/atmel/atmel toolchain/avr32 gcc/native/3.4.1057/avr32-gnu-toolchain/bin/../lib/gcc/avr32/4.4.7/../../../../avr32/lib/ucr2\libc.a(lib_a-syscalls.o)
                                 0x18 (size before relaxing)
                0x80007bf8                _close
 .text._lseek   0x80007c0c       0x14 c:/program files (x86)/atmel/atmel toolchain/avr32 gcc/native/3.4.1057/avr32-gnu-toolchain/bin/../lib/gcc/avr32/4.4.7/../../../../avr32/lib/ucr2\libc.a(lib_a-syscalls.o)
                                 0x18 (size before relaxing)
                0x80007c0c                _lseek
 .text._read    0x80007c20       0x14 c:/program files (x86)/atmel/atmel toolchain/avr32 gcc/native/3.4.1057/avr32-gnu-toolchain/bin/../lib/gcc/avr32/4.4.7/../../../../avr32/lib/ucr2\libc.a(lib_a-syscalls.o)
                                 0x18 (size before relaxing)
                0x80007c20                _read
 .text._write   0x80007c34       0x14 c:/program files (x86)/atmel/atmel toolchain/avr32 gcc/native/3.4.1057/avr32-gnu-toolchain/bin/../lib/gcc/avr32/4.4.7/../../../../avr32/lib/ucr2\libc.a(lib_a-syscalls.o)
                                 0x18 (size before relaxing)
                0x80007c34                _write
 .text.isatty   0x80007c48       0x14 c:/program files (x86)/atmel/atmel toolchain/avr32 gcc/native/3.4.1057/avr32-gnu-toolchain/bin/../lib/gcc/avr32/4.4.7/../../../../avr32/lib/ucr2\libc.a(lib_a-syscalls.o)
                                 0x18 (size before relaxing)
                0x80007c48                isatty
 .text._fstat_host
                0x80007c5c       0x14 c:/program files (x86)/atmel/atmel toolchain/avr32 gcc/native/3.4.1057/avr32-gnu-toolchain/bin/../lib/gcc/avr32/4.4.7/../../../../avr32/lib/ucr2\libc.a(lib_a-syscalls.o)
                                 0x18 (size before relaxing)
                0x80007c5c                _fstat_host
 .text._fstat   0x80007c70       0x4c c:/program files (x86)/atmel/atmel toolchain/avr32 gcc/native/3.4.1057/avr32-gnu-toolchain/bin/../lib/gcc/avr32/4.4.7/../../../../avr32/lib/ucr2\libc.a(lib_a-syscalls.o)
                                 0x50 (size before relaxing)
                0x80007c70                _fstat
 .text._sbrk    0x80007cbc       0x38 c:/program files (x86)/atmel/atmel toolchain/avr32 gcc/native/3.4.1057/avr32-gnu-toolchain/bin/../lib/gcc/avr32/4.4.7/../../../../avr32/lib/ucr2\libc.a(lib_a-syscalls.o)
                                 0x40 (size before relaxing)
                0x80007cbc                _sbrk
 .text._write_r
                0x80007cf4       0x24 c:/program files (x86)/atmel/atmel toolchain/avr32 gcc/native/3.4.1057/avr32-gnu-toolchain/bin/../lib/gcc/avr32/4.4.7/../../../../avr32/lib/ucr2\libc.a(lib_a-writer.o)
                                 0x2c (size before relaxing)
                0x80007cf4                _write_r
 .text._calloc_r
                0x80007d18       0x58 c:/program files (x86)/atmel/atmel toolchain/avr32 gcc/native/3.4.1057/avr32-gnu-toolchain/bin/../lib/gcc/avr32/4.4.7/../../../../avr32/lib/ucr2\libc.a(lib_a-callocr.o)
                                 0x60 (size before relaxing)
                0x80007d18                _calloc_r
 .text._close_r
                0x80007d70       0x20 c:/program files (x86)/atmel/atmel toolchain/avr32 gcc/native/3.4.1057/avr32-gnu-toolchain/bin/../lib/gcc/avr32/4.4.7/../../../../avr32/lib/ucr2\libc.a(lib_a-closer.o)
                                 0x28 (size before relaxing)
                0x80007d70                _close_r
 .text.__errno  0x80007d90        0xc c:/program files (x86)/atmel/atmel toolchain/avr32 gcc/native/3.4.1057/avr32-gnu-toolchain/bin/../lib/gcc/avr32/4.4.7/../../../../avr32/lib/ucr2\libc.a(lib_a-errno.o)
                0x80007d90                __errno
 .text._fclose_r
                0x80007d9c       0xb8 c:/program files (x86)/atmel/atmel toolchain/avr32 gcc/native/3.4.1057/avr32-gnu-toolchain/bin/../lib/gcc/avr32/4.4.7/../../../../avr32/lib/ucr2\libc.a(lib_a-fclose.o)
                                 0xd0 (size before relaxing)
                0x80007d9c                _fclose_r
 .text.fclose   0x80007e54       0x10 c:/program files (x86)/atmel/atmel toolchain/avr32 gcc/native/3.4.1057/avr32-gnu-toolchain/bin/../lib/gcc/avr32/4.4.7/../../../../avr32/lib/ucr2\libc.a(lib_a-fclose.o)
                                 0x18 (size before relaxing)
                0x80007e54                fclose
 .text._fstat_r
                0x80007e64       0x24 c:/program files (x86)/atmel/atmel toolchain/avr32 gcc/native/3.4.1057/avr32-gnu-toolchain/bin/../lib/gcc/avr32/4.4.7/../../../../avr32/lib/ucr2\libc.a(lib_a-fstatr.o)
                                 0x2c (size before relaxing)
                0x80007e64                _fstat_r
 .text._lseek_r
                0x80007e88       0x24 c:/program files (x86)/atmel/atmel toolchain/avr32 gcc/native/3.4.1057/avr32-gnu-toolchain/bin/../lib/gcc/avr32/4.4.7/../../../../avr32/lib/ucr2\libc.a(lib_a-lseekr.o)
                                 0x2c (size before relaxing)
                0x80007e88                _lseek_r
 .text._read_r  0x80007eac       0x24 c:/program files (x86)/atmel/atmel toolchain/avr32 gcc/native/3.4.1057/avr32-gnu-toolchain/bin/../lib/gcc/avr32/4.4.7/../../../../avr32/lib/ucr2\libc.a(lib_a-readr.o)
                                 0x2c (size before relaxing)
                0x80007eac                _read_r
 .text          0x80007ed0      0x1d4 c:/program files (x86)/atmel/atmel toolchain/avr32 gcc/native/3.4.1057/avr32-gnu-toolchain/bin/../lib/gcc/avr32/4.4.7/ucr2\libgcc.a(_avr32_f64_mul.o)
                0x80007ed0                __avr32_f64_mul
 .text          0x800080a4      0x2b0 c:/program files (x86)/atmel/atmel toolchain/avr32 gcc/native/3.4.1057/avr32-gnu-toolchain/bin/../lib/gcc/avr32/4.4.7/ucr2\libgcc.a(_avr32_f64_addsub.o)
                0x800080a8                __avr32_f64_sub
                0x80008244                __avr32_f64_add
 .text          0x80008354       0x2a c:/program files (x86)/atmel/atmel toolchain/avr32 gcc/native/3.4.1057/avr32-gnu-toolchain/bin/../lib/gcc/avr32/4.4.7/ucr2\libgcc.a(_avr32_f64_to_s32.o)
                0x80008354                __avr32_f64_to_u32
                0x80008358                __avr32_f64_to_s32
 .text          0x8000837e       0xe8 c:/program files (x86)/atmel/atmel toolchain/avr32 gcc/native/3.4.1057/avr32-gnu-toolchain/bin/../lib/gcc/avr32/4.4.7/ucr2\libgcc.a(_avr32_s32_to_f64.o)
                0x8000837e                __avr32_u32_to_f64
                0x80008386                __avr32_s32_to_f64
 .text          0x80008466       0x26 c:/program files (x86)/atmel/atmel toolchain/avr32 gcc/native/3.4.1057/avr32-gnu-toolchain/bin/../lib/gcc/avr32/4.4.7/ucr2\libgcc.a(_avr32_f64_cmp_eq.o)
                0x80008466                __avr32_f64_cmp_eq
 .text          0x8000848c       0x68 c:/program files (x86)/atmel/atmel toolchain/avr32 gcc/native/3.4.1057/avr32-gnu-toolchain/bin/../lib/gcc/avr32/4.4.7/ucr2\libgcc.a(_avr32_f64_cmp_ge.o)
                0x8000848c                __avr32_f64_cmp_ge
 .text          0x800084f4       0x68 c:/program files (x86)/atmel/atmel toolchain/avr32 gcc/native/3.4.1057/avr32-gnu-toolchain/bin/../lib/gcc/avr32/4.4.7/ucr2\libgcc.a(_avr32_f64_cmp_lt.o)
                0x800084f4                __avr32_f64_cmp_lt
 .text          0x8000855c      0x318 c:/program files (x86)/atmel/atmel toolchain/avr32 gcc/native/3.4.1057/avr32-gnu-toolchain/bin/../lib/gcc/avr32/4.4.7/ucr2\libgcc.a(_avr32_f64_div.o)
                0x8000855c                __avr32_f64_div
 .text          0x80008874      0x264 c:/program files (x86)/atmel/atmel toolchain/avr32 gcc/native/3.4.1057/avr32-gnu-toolchain/bin/../lib/gcc/avr32/4.4.7/ucr2\libgcc.a(_udivdi3.o)
                0x80008874                __avr32_udiv64
                0x80008874                __udivdi3
 .text          0x80008ad8      0x20c c:/program files (x86)/atmel/atmel toolchain/avr32 gcc/native/3.4.1057/avr32-gnu-toolchain/bin/../lib/gcc/avr32/4.4.7/ucr2\libgcc.a(_umoddi3.o)
                0x80008ad8                __avr32_umod64
                0x80008ad8                __umoddi3
 *(.text.*personality*)
 *(.gnu.warning)

.exception      0x80008e00      0x200
 .exception     0x80008e00      0x200 src/ASF/avr32/drivers/intc/exception.o
                0x80008e00                _evba
                0x80008f04                _int0
                0x80008f12                _int1
                0x80008f20                _int2
                0x80008f2e                _int3

.fini
 *(.fini)
                0x80009000                PROVIDE (__etext, .)
                0x80009000                PROVIDE (_etext, .)
                0x80009000                PROVIDE (etext, .)

.rodata         0x80009000      0x744
 *(.rodata .rodata.* .gnu.linkonce.r.*)
 .rodata.SPARE_SPI_GPIO_MAP.11468
                0x80009000       0x20 src/CAN/can.o
 .rodata.C.60.11470
                0x80009020       0x10 src/CAN/can.o
 .rodata.C.70.11855
                0x80009030       0x10 src/CAN/can.o
 .rodata.DIP204_SPI_GPIO_MAP.11853
                0x80009040       0x20 src/CAN/can.o
 .rodata.str1.4
                0x80009060       0x2a src/CAN/can.o
                                 0x2c (size before relaxing)
 *fill*         0x8000908a        0x2 
 .rodata.str1.4
                0x8000908c       0x10 src/main.o
 .rodata.LED_DESCRIPTOR
                0x8000909c       0x80 src/ASF/avr32/boards/evk1100/led.o
 .rodata._int_handler_table
                0x8000911c       0xa0 src/ASF/avr32/drivers/intc/intc.o
 .rodata.str1.4
                0x800091bc        0x2 c:/program files (x86)/atmel/atmel toolchain/avr32 gcc/native/3.4.1057/avr32-gnu-toolchain/bin/../lib/gcc/avr32/4.4.7/../../../../avr32/lib/ucr2\libc.a(lib_a-impure.o)
                                  0x4 (size before relaxing)
 *fill*         0x800091be        0x2 
 .rodata._global_impure_ptr
                0x800091c0        0x4 c:/program files (x86)/atmel/atmel toolchain/avr32 gcc/native/3.4.1057/avr32-gnu-toolchain/bin/../lib/gcc/avr32/4.4.7/../../../../avr32/lib/ucr2\libc.a(lib_a-impure.o)
                0x800091c0                _global_impure_ptr
 .rodata.get_arg
                0x800091c4       0x3c c:/program files (x86)/atmel/atmel toolchain/avr32 gcc/native/3.4.1057/avr32-gnu-toolchain/bin/../lib/gcc/avr32/4.4.7/../../../../avr32/lib/ucr2\libc.a(lib_a-vfprintf.o)
 .rodata._vfprintf_r
                0x80009200      0x164 c:/program files (x86)/atmel/atmel toolchain/avr32 gcc/native/3.4.1057/avr32-gnu-toolchain/bin/../lib/gcc/avr32/4.4.7/../../../../avr32/lib/ucr2\libc.a(lib_a-vfprintf.o)
 .rodata.state_table
                0x80009364       0x6c c:/program files (x86)/atmel/atmel toolchain/avr32 gcc/native/3.4.1057/avr32-gnu-toolchain/bin/../lib/gcc/avr32/4.4.7/../../../../avr32/lib/ucr2\libc.a(lib_a-vfprintf.o)
 .rodata.action_table
                0x800093d0       0x6c c:/program files (x86)/atmel/atmel toolchain/avr32 gcc/native/3.4.1057/avr32-gnu-toolchain/bin/../lib/gcc/avr32/4.4.7/../../../../avr32/lib/ucr2\libc.a(lib_a-vfprintf.o)
 .rodata.str1.4
                0x8000943c       0x3a c:/program files (x86)/atmel/atmel toolchain/avr32 gcc/native/3.4.1057/avr32-gnu-toolchain/bin/../lib/gcc/avr32/4.4.7/../../../../avr32/lib/ucr2\libc.a(lib_a-vfprintf.o)
                                 0x3c (size before relaxing)
 *fill*         0x80009476        0x2 
 .rodata.blanks.3430
                0x80009478       0x10 c:/program files (x86)/atmel/atmel toolchain/avr32 gcc/native/3.4.1057/avr32-gnu-toolchain/bin/../lib/gcc/avr32/4.4.7/../../../../avr32/lib/ucr2\libc.a(lib_a-vfprintf.o)
 .rodata.zeroes.3431
                0x80009488       0x10 c:/program files (x86)/atmel/atmel toolchain/avr32 gcc/native/3.4.1057/avr32-gnu-toolchain/bin/../lib/gcc/avr32/4.4.7/../../../../avr32/lib/ucr2\libc.a(lib_a-vfprintf.o)
 .rodata.chclass
                0x80009498      0x100 c:/program files (x86)/atmel/atmel toolchain/avr32 gcc/native/3.4.1057/avr32-gnu-toolchain/bin/../lib/gcc/avr32/4.4.7/../../../../avr32/lib/ucr2\libc.a(lib_a-vfprintf.o)
 .rodata.str1.4
                0x80009598       0x10 c:/program files (x86)/atmel/atmel toolchain/avr32 gcc/native/3.4.1057/avr32-gnu-toolchain/bin/../lib/gcc/avr32/4.4.7/../../../../avr32/lib/ucr2\libc.a(lib_a-dtoa.o)
                                 0x14 (size before relaxing)
 .rodata.__sf_fake_stdin
                0x800095a8       0x20 c:/program files (x86)/atmel/atmel toolchain/avr32 gcc/native/3.4.1057/avr32-gnu-toolchain/bin/../lib/gcc/avr32/4.4.7/../../../../avr32/lib/ucr2\libc.a(lib_a-findfp.o)
                0x800095a8                __sf_fake_stdin
 .rodata.__sf_fake_stdout
                0x800095c8       0x20 c:/program files (x86)/atmel/atmel toolchain/avr32 gcc/native/3.4.1057/avr32-gnu-toolchain/bin/../lib/gcc/avr32/4.4.7/../../../../avr32/lib/ucr2\libc.a(lib_a-findfp.o)
                0x800095c8                __sf_fake_stdout
 .rodata.__sf_fake_stderr
                0x800095e8       0x20 c:/program files (x86)/atmel/atmel toolchain/avr32 gcc/native/3.4.1057/avr32-gnu-toolchain/bin/../lib/gcc/avr32/4.4.7/../../../../avr32/lib/ucr2\libc.a(lib_a-findfp.o)
                0x800095e8                __sf_fake_stderr
 .rodata.lconv  0x80009608       0x30 c:/program files (x86)/atmel/atmel toolchain/avr32 gcc/native/3.4.1057/avr32-gnu-toolchain/bin/../lib/gcc/avr32/4.4.7/../../../../avr32/lib/ucr2\libc.a(lib_a-locale.o)
 .rodata.str1.4
                0x80009638       0x10 c:/program files (x86)/atmel/atmel toolchain/avr32 gcc/native/3.4.1057/avr32-gnu-toolchain/bin/../lib/gcc/avr32/4.4.7/../../../../avr32/lib/ucr2\libc.a(lib_a-locale.o)
                                 0x18 (size before relaxing)
 .rodata.p05.2471
                0x80009648        0xc c:/program files (x86)/atmel/atmel toolchain/avr32 gcc/native/3.4.1057/avr32-gnu-toolchain/bin/../lib/gcc/avr32/4.4.7/../../../../avr32/lib/ucr2\libc.a(lib_a-mprec.o)
 .rodata.__mprec_tens
                0x80009654       0xc8 c:/program files (x86)/atmel/atmel toolchain/avr32 gcc/native/3.4.1057/avr32-gnu-toolchain/bin/../lib/gcc/avr32/4.4.7/../../../../avr32/lib/ucr2\libc.a(lib_a-mprec.o)
                0x80009654                __mprec_tens
 .rodata.__mprec_bigtens
                0x8000971c       0x28 c:/program files (x86)/atmel/atmel toolchain/avr32 gcc/native/3.4.1057/avr32-gnu-toolchain/bin/../lib/gcc/avr32/4.4.7/../../../../avr32/lib/ucr2\libc.a(lib_a-mprec.o)
                0x8000971c                __mprec_bigtens

.rodata1
 *(.rodata1)

.eh_frame_hdr
 *(.eh_frame_hdr)

.eh_frame
 *(.eh_frame)

.gcc_except_table
 *(.gcc_except_table)
 *(.gcc_except_table.*)

.lalign         0x80009744        0x4
                0x80009748                . = ALIGN (0x8)
 *fill*         0x80009744        0x4 
                0x80009748                PROVIDE (_data_lma, .)
                0x00000004                . = ORIGIN (INTRAM)

.dalign         0x00000004        0x4
                0x00000008                . = ALIGN (0x8)
 *fill*         0x00000004        0x4 
                0x00000008                PROVIDE (_data, .)

.eh_frame
 *(.eh_frame)

.gcc_except_table
 *(.gcc_except_table)
 *(.gcc_except_table.*)

.tdata
 *(.tdata .tdata.* .gnu.linkonce.td.*)

.tbss
 *(.tbss .tbss.* .gnu.linkonce.tb.*)
 *(.tcommon)
                0x00000008                PROVIDE (__preinit_array_start, ALIGN (0x4))

.preinit_array
 *(.preinit_array)
                0x00000008                PROVIDE (__preinit_array_end, .)
                0x00000008                PROVIDE (__init_array_start, .)

.init_array
 *(.init_array)
                0x00000008                PROVIDE (__init_array_end, .)
                0x00000008                PROVIDE (__fini_array_start, .)

.fini_array
 *(.fini_array)
                0x00000008                PROVIDE (__fini_array_end, .)

.ctors
 *crtbegin*.o(.ctors)
 *(EXCLUDE_FILE(*crtend*.o) .ctors)
 *(SORT(.ctors.*))
 *(.ctors)

.dtors
 *crtbegin*.o(.dtors)
 *(EXCLUDE_FILE(*crtend*.o) .dtors)
 *(SORT(.dtors.*))
 *(.dtors)

.jcr
 *(.jcr)

.data.rel.ro
 *(.data.rel.ro.local)
 *(.data.rel.ro*)

.dynamic
 *(.dynamic)

.got
 *(.got.plt)
 *(.got)

.ramtext
 *(.ramtext .ramtext.*)

.ddalign        0x00000008        0x0 load address 0x80009748
                0x00000008                . = ALIGN (0x8)

.data           0x00000008      0x50c load address 0x80009748
 *(.data .data.* .gnu.linkonce.d.*)
 .data.LED_State
                0x00000008        0x4 src/ASF/avr32/boards/evk1100/led.o
 .data.channel_id
                0x0000000c        0x4 src/ASF/avr32/components/display/dip204/dip204.o
 .data.impure_data
                0x00000010       0xf0 c:/program files (x86)/atmel/atmel toolchain/avr32 gcc/native/3.4.1057/avr32-gnu-toolchain/bin/../lib/gcc/avr32/4.4.7/../../../../avr32/lib/ucr2\libc.a(lib_a-impure.o)
 .data._impure_ptr
                0x00000100        0x4 c:/program files (x86)/atmel/atmel toolchain/avr32 gcc/native/3.4.1057/avr32-gnu-toolchain/bin/../lib/gcc/avr32/4.4.7/../../../../avr32/lib/ucr2\libc.a(lib_a-impure.o)
                0x00000100                _impure_ptr
 .data.__malloc_av_
                0x00000104      0x408 c:/program files (x86)/atmel/atmel toolchain/avr32 gcc/native/3.4.1057/avr32-gnu-toolchain/bin/../lib/gcc/avr32/4.4.7/../../../../avr32/lib/ucr2\libc.a(lib_a-mallocr.o)
                0x00000104                __malloc_av_
 .data.__malloc_trim_threshold
                0x0000050c        0x4 c:/program files (x86)/atmel/atmel toolchain/avr32 gcc/native/3.4.1057/avr32-gnu-toolchain/bin/../lib/gcc/avr32/4.4.7/../../../../avr32/lib/ucr2\libc.a(lib_a-mallocr.o)
                0x0000050c                __malloc_trim_threshold
 .data.__malloc_sbrk_base
                0x00000510        0x4 c:/program files (x86)/atmel/atmel toolchain/avr32 gcc/native/3.4.1057/avr32-gnu-toolchain/bin/../lib/gcc/avr32/4.4.7/../../../../avr32/lib/ucr2\libc.a(lib_a-mallocr.o)
                0x00000510                __malloc_sbrk_base
 *(.gnu.linkonce.d.*personality*)

.data1
 *(.data1)

.balign         0x00000514        0x4 load address 0x80009c54
                0x00000518                . = ALIGN (0x8)
 *fill*         0x00000514        0x4 
                0x00000518                PROVIDE (_edata, .)
                0x00000518                PROVIDE (edata, .)
                0x00000518                __bss_start = .

.bss            0x00000518      0x160
 *(.dynbss)
 *(.bss .bss.* .gnu.linkonce.b.*)
 .bss.pwm_channel
                0x00000518       0x20 src/ASF/avr32/components/display/dip204/dip204.o
 .bss.pwm_duty  0x00000538        0x2 src/ASF/avr32/components/display/dip204/dip204.o
 *fill*         0x0000053a        0x2 
 .bss._int_line_handler_table_6
                0x0000053c        0x4 src/ASF/avr32/drivers/intc/intc.o
 .bss._int_line_handler_table_7
                0x00000540        0x4 src/ASF/avr32/drivers/intc/intc.o
 .bss._int_line_handler_table_8
                0x00000544        0x4 src/ASF/avr32/drivers/intc/intc.o
 .bss._int_line_handler_table_9
                0x00000548        0x4 src/ASF/avr32/drivers/intc/intc.o
 .bss._int_line_handler_table_10
                0x0000054c        0x4 src/ASF/avr32/drivers/intc/intc.o
 .bss._int_line_handler_table_11
                0x00000550        0x4 src/ASF/avr32/drivers/intc/intc.o
 .bss._int_line_handler_table_12
                0x00000554        0x4 src/ASF/avr32/drivers/intc/intc.o
 .bss._int_line_handler_table_13
                0x00000558        0x4 src/ASF/avr32/drivers/intc/intc.o
 .bss._int_line_handler_table_14
                0x0000055c        0xc src/ASF/avr32/drivers/intc/intc.o
 .bss._int_line_handler_table_15
                0x00000568        0x4 src/ASF/avr32/drivers/intc/intc.o
 .bss._int_line_handler_table_16
                0x0000056c        0x4 src/ASF/avr32/drivers/intc/intc.o
 .bss._int_line_handler_table_17
                0x00000570        0x4 src/ASF/avr32/drivers/intc/intc.o
 .bss._int_line_handler_table_18
                0x00000574        0x4 src/ASF/avr32/drivers/intc/intc.o
 .bss._int_line_handler_table_19
                0x00000578        0x4 src/ASF/avr32/drivers/intc/intc.o
 .bss._int_line_handler_table_0
                0x0000057c        0x4 src/ASF/avr32/drivers/intc/intc.o
 .bss._int_line_handler_table_1
                0x00000580       0x2c src/ASF/avr32/drivers/intc/intc.o
 .bss._int_line_handler_table_2
                0x000005ac       0x38 src/ASF/avr32/drivers/intc/intc.o
 .bss._int_line_handler_table_3
                0x000005e4       0x3c src/ASF/avr32/drivers/intc/intc.o
 .bss._int_line_handler_table_4
                0x00000620        0x4 src/ASF/avr32/drivers/intc/intc.o
 .bss._int_line_handler_table_5
                0x00000624        0x4 src/ASF/avr32/drivers/intc/intc.o
 .bss.__malloc_max_total_mem
                0x00000628        0x4 c:/program files (x86)/atmel/atmel toolchain/avr32 gcc/native/3.4.1057/avr32-gnu-toolchain/bin/../lib/gcc/avr32/4.4.7/../../../../avr32/lib/ucr2\libc.a(lib_a-mallocr.o)
                0x00000628                __malloc_max_total_mem
 .bss.__malloc_max_sbrked_mem
                0x0000062c        0x4 c:/program files (x86)/atmel/atmel toolchain/avr32 gcc/native/3.4.1057/avr32-gnu-toolchain/bin/../lib/gcc/avr32/4.4.7/../../../../avr32/lib/ucr2\libc.a(lib_a-mallocr.o)
                0x0000062c                __malloc_max_sbrked_mem
 .bss.__malloc_top_pad
                0x00000630        0x4 c:/program files (x86)/atmel/atmel toolchain/avr32 gcc/native/3.4.1057/avr32-gnu-toolchain/bin/../lib/gcc/avr32/4.4.7/../../../../avr32/lib/ucr2\libc.a(lib_a-mallocr.o)
                0x00000630                __malloc_top_pad
 .bss.__malloc_current_mallinfo
                0x00000634       0x28 c:/program files (x86)/atmel/atmel toolchain/avr32 gcc/native/3.4.1057/avr32-gnu-toolchain/bin/../lib/gcc/avr32/4.4.7/../../../../avr32/lib/ucr2\libc.a(lib_a-mallocr.o)
                0x00000634                __malloc_current_mallinfo
 .bss.cur_heap_pos.1869
                0x0000065c        0x4 c:/program files (x86)/atmel/atmel toolchain/avr32 gcc/native/3.4.1057/avr32-gnu-toolchain/bin/../lib/gcc/avr32/4.4.7/../../../../avr32/lib/ucr2\libc.a(lib_a-syscalls.o)
 *(COMMON)
 COMMON         0x00000660       0x10 src/main.o
                0x00000660                msg
                0x00000668                mSize
                0x0000066c                Ident
 COMMON         0x00000670        0x4 c:/program files (x86)/atmel/atmel toolchain/avr32 gcc/native/3.4.1057/avr32-gnu-toolchain/bin/../lib/gcc/avr32/4.4.7/../../../../avr32/lib/ucr2\libc.a(lib_a-reent.o)
                0x00000670                errno
                0x00000678                . = ALIGN (0x8)
 *fill*         0x00000674        0x4 
                0x00000678                . = ALIGN (0x8)
                0x00000678                _end = .
                0x00000678                PROVIDE (end, .)
                0x00000678                __heap_start__ = ALIGN (0x8)

.heap           0x00000678     0xe988
 *(.heap)
                0x0000e988                . = (__heap_size__ == __max_heap_size__)?(((ORIGIN (INTRAM) + 0xfffc) - __stack_size__) - ABSOLUTE (.)):__heap_size__
 *fill*         0x00000678     0xe988 
                0x0000f000                __heap_end__ = .

.stab
 *(.stab)

.stabstr
 *(.stabstr)

.stab.excl
 *(.stab.excl)

.stab.exclstr
 *(.stab.exclstr)

.stab.index
 *(.stab.index)

.stab.indexstr
 *(.stab.indexstr)

.comment        0x00000000       0x30
 *(.comment)
 .comment       0x00000000       0x30 src/CAN/can.o
                                 0x31 (size before relaxing)
 .comment       0x00000000       0x31 src/main.o
 .comment       0x00000000       0x31 src/ASF/avr32/boards/evk1100/led.o
 .comment       0x00000000       0x31 src/ASF/avr32/components/display/dip204/dip204.o
 .comment       0x00000000       0x31 src/ASF/avr32/drivers/gpio/gpio.o
 .comment       0x00000000       0x31 src/ASF/avr32/drivers/intc/intc.o
 .comment       0x00000000       0x31 src/ASF/avr32/drivers/pm/pm.o
 .comment       0x00000000       0x31 src/ASF/avr32/drivers/pwm/pwm.o
 .comment       0x00000000       0x31 src/ASF/avr32/drivers/spi/spi.o
 .comment       0x00000000       0x31 c:/program files (x86)/atmel/atmel toolchain/avr32 gcc/native/3.4.1057/avr32-gnu-toolchain/bin/../lib/gcc/avr32/4.4.7/../../../../avr32/lib/ucr2\libc.a(lib_a-vsprintf.o)
 .comment       0x00000000       0x31 c:/program files (x86)/atmel/atmel toolchain/avr32 gcc/native/3.4.1057/avr32-gnu-toolchain/bin/../lib/gcc/avr32/4.4.7/../../../../avr32/lib/ucr2\libc.a(lib_a-impure.o)
 .comment       0x00000000       0x31 c:/program files (x86)/atmel/atmel toolchain/avr32 gcc/native/3.4.1057/avr32-gnu-toolchain/bin/../lib/gcc/avr32/4.4.7/../../../../avr32/lib/ucr2\libc.a(lib_a-vfprintf.o)
 .comment       0x00000000       0x31 c:/program files (x86)/atmel/atmel toolchain/avr32 gcc/native/3.4.1057/avr32-gnu-toolchain/bin/../lib/gcc/avr32/4.4.7/../../../../avr32/lib/ucr2\libc.a(lib_a-wsetup.o)
 .comment       0x00000000       0x31 c:/program files (x86)/atmel/atmel toolchain/avr32 gcc/native/3.4.1057/avr32-gnu-toolchain/bin/../lib/gcc/avr32/4.4.7/../../../../avr32/lib/ucr2\libc.a(lib_a-dtoa.o)
 .comment       0x00000000       0x31 c:/program files (x86)/atmel/atmel toolchain/avr32 gcc/native/3.4.1057/avr32-gnu-toolchain/bin/../lib/gcc/avr32/4.4.7/../../../../avr32/lib/ucr2\libc.a(lib_a-fflush.o)
 .comment       0x00000000       0x31 c:/program files (x86)/atmel/atmel toolchain/avr32 gcc/native/3.4.1057/avr32-gnu-toolchain/bin/../lib/gcc/avr32/4.4.7/../../../../avr32/lib/ucr2\libc.a(lib_a-findfp.o)
 .comment       0x00000000       0x31 c:/program files (x86)/atmel/atmel toolchain/avr32 gcc/native/3.4.1057/avr32-gnu-toolchain/bin/../lib/gcc/avr32/4.4.7/../../../../avr32/lib/ucr2\libc.a(lib_a-freer.o)
 .comment       0x00000000       0x31 c:/program files (x86)/atmel/atmel toolchain/avr32 gcc/native/3.4.1057/avr32-gnu-toolchain/bin/../lib/gcc/avr32/4.4.7/../../../../avr32/lib/ucr2\libc.a(lib_a-fvwrite.o)
 .comment       0x00000000       0x31 c:/program files (x86)/atmel/atmel toolchain/avr32 gcc/native/3.4.1057/avr32-gnu-toolchain/bin/../lib/gcc/avr32/4.4.7/../../../../avr32/lib/ucr2\libc.a(lib_a-fwalk.o)
 .comment       0x00000000       0x31 c:/program files (x86)/atmel/atmel toolchain/avr32 gcc/native/3.4.1057/avr32-gnu-toolchain/bin/../lib/gcc/avr32/4.4.7/../../../../avr32/lib/ucr2\libc.a(lib_a-locale.o)
 .comment       0x00000000       0x31 c:/program files (x86)/atmel/atmel toolchain/avr32 gcc/native/3.4.1057/avr32-gnu-toolchain/bin/../lib/gcc/avr32/4.4.7/../../../../avr32/lib/ucr2\libc.a(lib_a-makebuf.o)
 .comment       0x00000000       0x31 c:/program files (x86)/atmel/atmel toolchain/avr32 gcc/native/3.4.1057/avr32-gnu-toolchain/bin/../lib/gcc/avr32/4.4.7/../../../../avr32/lib/ucr2\libc.a(lib_a-malloc.o)
 .comment       0x00000000       0x31 c:/program files (x86)/atmel/atmel toolchain/avr32 gcc/native/3.4.1057/avr32-gnu-toolchain/bin/../lib/gcc/avr32/4.4.7/../../../../avr32/lib/ucr2\libc.a(lib_a-mallocr.o)
 .comment       0x00000000       0x31 c:/program files (x86)/atmel/atmel toolchain/avr32 gcc/native/3.4.1057/avr32-gnu-toolchain/bin/../lib/gcc/avr32/4.4.7/../../../../avr32/lib/ucr2\libc.a(lib_a-memchr.o)
 .comment       0x00000000       0x31 c:/program files (x86)/atmel/atmel toolchain/avr32 gcc/native/3.4.1057/avr32-gnu-toolchain/bin/../lib/gcc/avr32/4.4.7/../../../../avr32/lib/ucr2\libc.a(lib_a-memmove.o)
 .comment       0x00000000       0x31 c:/program files (x86)/atmel/atmel toolchain/avr32 gcc/native/3.4.1057/avr32-gnu-toolchain/bin/../lib/gcc/avr32/4.4.7/../../../../avr32/lib/ucr2\libc.a(lib_a-memset.o)
 .comment       0x00000000       0x31 c:/program files (x86)/atmel/atmel toolchain/avr32 gcc/native/3.4.1057/avr32-gnu-toolchain/bin/../lib/gcc/avr32/4.4.7/../../../../avr32/lib/ucr2\libc.a(lib_a-mlock.o)
 .comment       0x00000000       0x31 c:/program files (x86)/atmel/atmel toolchain/avr32 gcc/native/3.4.1057/avr32-gnu-toolchain/bin/../lib/gcc/avr32/4.4.7/../../../../avr32/lib/ucr2\libc.a(lib_a-mprec.o)
 .comment       0x00000000       0x31 c:/program files (x86)/atmel/atmel toolchain/avr32 gcc/native/3.4.1057/avr32-gnu-toolchain/bin/../lib/gcc/avr32/4.4.7/../../../../avr32/lib/ucr2\libc.a(lib_a-reallocr.o)
 .comment       0x00000000       0x31 c:/program files (x86)/atmel/atmel toolchain/avr32 gcc/native/3.4.1057/avr32-gnu-toolchain/bin/../lib/gcc/avr32/4.4.7/../../../../avr32/lib/ucr2\libc.a(lib_a-s_isinfd.o)
 .comment       0x00000000       0x31 c:/program files (x86)/atmel/atmel toolchain/avr32 gcc/native/3.4.1057/avr32-gnu-toolchain/bin/../lib/gcc/avr32/4.4.7/../../../../avr32/lib/ucr2\libc.a(lib_a-s_isnand.o)
 .comment       0x00000000       0x31 c:/program files (x86)/atmel/atmel toolchain/avr32 gcc/native/3.4.1057/avr32-gnu-toolchain/bin/../lib/gcc/avr32/4.4.7/../../../../avr32/lib/ucr2\libc.a(lib_a-sbrkr.o)
 .comment       0x00000000       0x31 c:/program files (x86)/atmel/atmel toolchain/avr32 gcc/native/3.4.1057/avr32-gnu-toolchain/bin/../lib/gcc/avr32/4.4.7/../../../../avr32/lib/ucr2\libc.a(lib_a-stdio.o)
 .comment       0x00000000       0x31 c:/program files (x86)/atmel/atmel toolchain/avr32 gcc/native/3.4.1057/avr32-gnu-toolchain/bin/../lib/gcc/avr32/4.4.7/../../../../avr32/lib/ucr2\libc.a(lib_a-strlen.o)
 .comment       0x00000000       0x31 c:/program files (x86)/atmel/atmel toolchain/avr32 gcc/native/3.4.1057/avr32-gnu-toolchain/bin/../lib/gcc/avr32/4.4.7/../../../../avr32/lib/ucr2\libc.a(lib_a-syscalls.o)
 .comment       0x00000000       0x31 c:/program files (x86)/atmel/atmel toolchain/avr32 gcc/native/3.4.1057/avr32-gnu-toolchain/bin/../lib/gcc/avr32/4.4.7/../../../../avr32/lib/ucr2\libc.a(lib_a-writer.o)
 .comment       0x00000000       0x31 c:/program files (x86)/atmel/atmel toolchain/avr32 gcc/native/3.4.1057/avr32-gnu-toolchain/bin/../lib/gcc/avr32/4.4.7/../../../../avr32/lib/ucr2\libc.a(lib_a-callocr.o)
 .comment       0x00000000       0x31 c:/program files (x86)/atmel/atmel toolchain/avr32 gcc/native/3.4.1057/avr32-gnu-toolchain/bin/../lib/gcc/avr32/4.4.7/../../../../avr32/lib/ucr2\libc.a(lib_a-closer.o)
 .comment       0x00000000       0x31 c:/program files (x86)/atmel/atmel toolchain/avr32 gcc/native/3.4.1057/avr32-gnu-toolchain/bin/../lib/gcc/avr32/4.4.7/../../../../avr32/lib/ucr2\libc.a(lib_a-errno.o)
 .comment       0x00000000       0x31 c:/program files (x86)/atmel/atmel toolchain/avr32 gcc/native/3.4.1057/avr32-gnu-toolchain/bin/../lib/gcc/avr32/4.4.7/../../../../avr32/lib/ucr2\libc.a(lib_a-fclose.o)
 .comment       0x00000000       0x31 c:/program files (x86)/atmel/atmel toolchain/avr32 gcc/native/3.4.1057/avr32-gnu-toolchain/bin/../lib/gcc/avr32/4.4.7/../../../../avr32/lib/ucr2\libc.a(lib_a-fstatr.o)
 .comment       0x00000000       0x31 c:/program files (x86)/atmel/atmel toolchain/avr32 gcc/native/3.4.1057/avr32-gnu-toolchain/bin/../lib/gcc/avr32/4.4.7/../../../../avr32/lib/ucr2\libc.a(lib_a-lseekr.o)
 .comment       0x00000000       0x31 c:/program files (x86)/atmel/atmel toolchain/avr32 gcc/native/3.4.1057/avr32-gnu-toolchain/bin/../lib/gcc/avr32/4.4.7/../../../../avr32/lib/ucr2\libc.a(lib_a-readr.o)
 .comment       0x00000000       0x31 c:/program files (x86)/atmel/atmel toolchain/avr32 gcc/native/3.4.1057/avr32-gnu-toolchain/bin/../lib/gcc/avr32/4.4.7/../../../../avr32/lib/ucr2\libc.a(lib_a-reent.o)
 .comment       0x00000000       0x31 c:/program files (x86)/atmel/atmel toolchain/avr32 gcc/native/3.4.1057/avr32-gnu-toolchain/bin/../lib/gcc/avr32/4.4.7/ucr2\libgcc.a(_udivdi3.o)
 .comment       0x00000000       0x31 c:/program files (x86)/atmel/atmel toolchain/avr32 gcc/native/3.4.1057/avr32-gnu-toolchain/bin/../lib/gcc/avr32/4.4.7/ucr2\libgcc.a(_umoddi3.o)

.debug
 *(.debug)

.line
 *(.line)

.debug_srcinfo
 *(.debug_srcinfo)

.debug_sfnames
 *(.debug_sfnames)

.debug_aranges  0x00000000      0xd00
 *(.debug_aranges)
 .debug_aranges
                0x00000000       0xc8 src/CAN/can.o
 .debug_aranges
                0x000000c8       0x20 src/main.o
 .debug_aranges
                0x000000e8       0x78 src/ASF/avr32/boards/evk1100/led.o
 .debug_aranges
                0x00000160       0x98 src/ASF/avr32/components/display/dip204/dip204.o
 .debug_aranges
                0x000001f8      0x100 src/ASF/avr32/drivers/gpio/gpio.o
 .debug_aranges
                0x000002f8       0x20 src/ASF/avr32/drivers/intc/exception.o
 .debug_aranges
                0x00000318       0x38 src/ASF/avr32/drivers/intc/intc.o
 .debug_aranges
                0x00000350      0x190 src/ASF/avr32/drivers/pm/pm.o
 .debug_aranges
                0x000004e0       0x48 src/ASF/avr32/drivers/pwm/pwm.o
 .debug_aranges
                0x00000528       0xa8 src/ASF/avr32/drivers/spi/spi.o
 .debug_aranges
                0x000005d0       0x28 src/ASF/avr32/utils/startup/startup_uc3.o
 .debug_aranges
                0x000005f8       0x20 src/ASF/avr32/utils/startup/trampoline_uc3.o
 .debug_aranges
                0x00000618       0x28 c:/program files (x86)/atmel/atmel toolchain/avr32 gcc/native/3.4.1057/avr32-gnu-toolchain/bin/../lib/gcc/avr32/4.4.7/../../../../avr32/lib/ucr2\libc.a(lib_a-vsprintf.o)
 .debug_aranges
                0x00000640       0x38 c:/program files (x86)/atmel/atmel toolchain/avr32 gcc/native/3.4.1057/avr32-gnu-toolchain/bin/../lib/gcc/avr32/4.4.7/../../../../avr32/lib/ucr2\libc.a(lib_a-vfprintf.o)
 .debug_aranges
                0x00000678       0x20 c:/program files (x86)/atmel/atmel toolchain/avr32 gcc/native/3.4.1057/avr32-gnu-toolchain/bin/../lib/gcc/avr32/4.4.7/../../../../avr32/lib/ucr2\libc.a(lib_a-wsetup.o)
 .debug_aranges
                0x00000698       0x28 c:/program files (x86)/atmel/atmel toolchain/avr32 gcc/native/3.4.1057/avr32-gnu-toolchain/bin/../lib/gcc/avr32/4.4.7/../../../../avr32/lib/ucr2\libc.a(lib_a-dtoa.o)
 .debug_aranges
                0x000006c0       0x28 c:/program files (x86)/atmel/atmel toolchain/avr32 gcc/native/3.4.1057/avr32-gnu-toolchain/bin/../lib/gcc/avr32/4.4.7/../../../../avr32/lib/ucr2\libc.a(lib_a-fflush.o)
 .debug_aranges
                0x000006e8       0x80 c:/program files (x86)/atmel/atmel toolchain/avr32 gcc/native/3.4.1057/avr32-gnu-toolchain/bin/../lib/gcc/avr32/4.4.7/../../../../avr32/lib/ucr2\libc.a(lib_a-findfp.o)
 .debug_aranges
                0x00000768       0x28 c:/program files (x86)/atmel/atmel toolchain/avr32 gcc/native/3.4.1057/avr32-gnu-toolchain/bin/../lib/gcc/avr32/4.4.7/../../../../avr32/lib/ucr2\libc.a(lib_a-freer.o)
 .debug_aranges
                0x00000790       0x20 c:/program files (x86)/atmel/atmel toolchain/avr32 gcc/native/3.4.1057/avr32-gnu-toolchain/bin/../lib/gcc/avr32/4.4.7/../../../../avr32/lib/ucr2\libc.a(lib_a-fvwrite.o)
 .debug_aranges
                0x000007b0       0x28 c:/program files (x86)/atmel/atmel toolchain/avr32 gcc/native/3.4.1057/avr32-gnu-toolchain/bin/../lib/gcc/avr32/4.4.7/../../../../avr32/lib/ucr2\libc.a(lib_a-fwalk.o)
 .debug_aranges
                0x000007d8       0x40 c:/program files (x86)/atmel/atmel toolchain/avr32 gcc/native/3.4.1057/avr32-gnu-toolchain/bin/../lib/gcc/avr32/4.4.7/../../../../avr32/lib/ucr2\libc.a(lib_a-locale.o)
 .debug_aranges
                0x00000818       0x20 c:/program files (x86)/atmel/atmel toolchain/avr32 gcc/native/3.4.1057/avr32-gnu-toolchain/bin/../lib/gcc/avr32/4.4.7/../../../../avr32/lib/ucr2\libc.a(lib_a-makebuf.o)
 .debug_aranges
                0x00000838       0x28 c:/program files (x86)/atmel/atmel toolchain/avr32 gcc/native/3.4.1057/avr32-gnu-toolchain/bin/../lib/gcc/avr32/4.4.7/../../../../avr32/lib/ucr2\libc.a(lib_a-malloc.o)
 .debug_aranges
                0x00000860       0x20 c:/program files (x86)/atmel/atmel toolchain/avr32 gcc/native/3.4.1057/avr32-gnu-toolchain/bin/../lib/gcc/avr32/4.4.7/../../../../avr32/lib/ucr2\libc.a(lib_a-mallocr.o)
 .debug_aranges
                0x00000880       0x20 c:/program files (x86)/atmel/atmel toolchain/avr32 gcc/native/3.4.1057/avr32-gnu-toolchain/bin/../lib/gcc/avr32/4.4.7/../../../../avr32/lib/ucr2\libc.a(lib_a-memchr.o)
 .debug_aranges
                0x000008a0       0x20 c:/program files (x86)/atmel/atmel toolchain/avr32 gcc/native/3.4.1057/avr32-gnu-toolchain/bin/../lib/gcc/avr32/4.4.7/../../../../avr32/lib/ucr2\libc.a(lib_a-memmove.o)
 .debug_aranges
                0x000008c0       0x20 c:/program files (x86)/atmel/atmel toolchain/avr32 gcc/native/3.4.1057/avr32-gnu-toolchain/bin/../lib/gcc/avr32/4.4.7/../../../../avr32/lib/ucr2\libc.a(lib_a-memset.o)
 .debug_aranges
                0x000008e0       0x28 c:/program files (x86)/atmel/atmel toolchain/avr32 gcc/native/3.4.1057/avr32-gnu-toolchain/bin/../lib/gcc/avr32/4.4.7/../../../../avr32/lib/ucr2\libc.a(lib_a-mlock.o)
 .debug_aranges
                0x00000908       0xb0 c:/program files (x86)/atmel/atmel toolchain/avr32 gcc/native/3.4.1057/avr32-gnu-toolchain/bin/../lib/gcc/avr32/4.4.7/../../../../avr32/lib/ucr2\libc.a(lib_a-mprec.o)
 .debug_aranges
                0x000009b8       0x20 c:/program files (x86)/atmel/atmel toolchain/avr32 gcc/native/3.4.1057/avr32-gnu-toolchain/bin/../lib/gcc/avr32/4.4.7/../../../../avr32/lib/ucr2\libc.a(lib_a-reallocr.o)
 .debug_aranges
                0x000009d8       0x20 c:/program files (x86)/atmel/atmel toolchain/avr32 gcc/native/3.4.1057/avr32-gnu-toolchain/bin/../lib/gcc/avr32/4.4.7/../../../../avr32/lib/ucr2\libc.a(lib_a-s_isinfd.o)
 .debug_aranges
                0x000009f8       0x20 c:/program files (x86)/atmel/atmel toolchain/avr32 gcc/native/3.4.1057/avr32-gnu-toolchain/bin/../lib/gcc/avr32/4.4.7/../../../../avr32/lib/ucr2\libc.a(lib_a-s_isnand.o)
 .debug_aranges
                0x00000a18       0x20 c:/program files (x86)/atmel/atmel toolchain/avr32 gcc/native/3.4.1057/avr32-gnu-toolchain/bin/../lib/gcc/avr32/4.4.7/../../../../avr32/lib/ucr2\libc.a(lib_a-sbrkr.o)
 .debug_aranges
                0x00000a38       0x38 c:/program files (x86)/atmel/atmel toolchain/avr32 gcc/native/3.4.1057/avr32-gnu-toolchain/bin/../lib/gcc/avr32/4.4.7/../../../../avr32/lib/ucr2\libc.a(lib_a-stdio.o)
 .debug_aranges
                0x00000a70       0x20 c:/program files (x86)/atmel/atmel toolchain/avr32 gcc/native/3.4.1057/avr32-gnu-toolchain/bin/../lib/gcc/avr32/4.4.7/../../../../avr32/lib/ucr2\libc.a(lib_a-strlen.o)
 .debug_aranges
                0x00000a90       0xf8 c:/program files (x86)/atmel/atmel toolchain/avr32 gcc/native/3.4.1057/avr32-gnu-toolchain/bin/../lib/gcc/avr32/4.4.7/../../../../avr32/lib/ucr2\libc.a(lib_a-syscalls.o)
 .debug_aranges
                0x00000b88       0x20 c:/program files (x86)/atmel/atmel toolchain/avr32 gcc/native/3.4.1057/avr32-gnu-toolchain/bin/../lib/gcc/avr32/4.4.7/../../../../avr32/lib/ucr2\libc.a(lib_a-writer.o)
 .debug_aranges
                0x00000ba8       0x20 c:/program files (x86)/atmel/atmel toolchain/avr32 gcc/native/3.4.1057/avr32-gnu-toolchain/bin/../lib/gcc/avr32/4.4.7/../../../../avr32/lib/ucr2\libc.a(lib_a-callocr.o)
 .debug_aranges
                0x00000bc8       0x20 c:/program files (x86)/atmel/atmel toolchain/avr32 gcc/native/3.4.1057/avr32-gnu-toolchain/bin/../lib/gcc/avr32/4.4.7/../../../../avr32/lib/ucr2\libc.a(lib_a-closer.o)
 .debug_aranges
                0x00000be8       0x20 c:/program files (x86)/atmel/atmel toolchain/avr32 gcc/native/3.4.1057/avr32-gnu-toolchain/bin/../lib/gcc/avr32/4.4.7/../../../../avr32/lib/ucr2\libc.a(lib_a-errno.o)
 .debug_aranges
                0x00000c08       0x28 c:/program files (x86)/atmel/atmel toolchain/avr32 gcc/native/3.4.1057/avr32-gnu-toolchain/bin/../lib/gcc/avr32/4.4.7/../../../../avr32/lib/ucr2\libc.a(lib_a-fclose.o)
 .debug_aranges
                0x00000c30       0x20 c:/program files (x86)/atmel/atmel toolchain/avr32 gcc/native/3.4.1057/avr32-gnu-toolchain/bin/../lib/gcc/avr32/4.4.7/../../../../avr32/lib/ucr2\libc.a(lib_a-fstatr.o)
 .debug_aranges
                0x00000c50       0x20 c:/program files (x86)/atmel/atmel toolchain/avr32 gcc/native/3.4.1057/avr32-gnu-toolchain/bin/../lib/gcc/avr32/4.4.7/../../../../avr32/lib/ucr2\libc.a(lib_a-lseekr.o)
 .debug_aranges
                0x00000c70       0x20 c:/program files (x86)/atmel/atmel toolchain/avr32 gcc/native/3.4.1057/avr32-gnu-toolchain/bin/../lib/gcc/avr32/4.4.7/../../../../avr32/lib/ucr2\libc.a(lib_a-readr.o)
 .debug_aranges
                0x00000c90       0x30 c:/program files (x86)/atmel/atmel toolchain/avr32 gcc/native/3.4.1057/avr32-gnu-toolchain/bin/../lib/gcc/avr32/4.4.7/../../../../avr32/lib/ucr2\libc.a(lib_a-reent.o)
 .debug_aranges
                0x00000cc0       0x20 c:/program files (x86)/atmel/atmel toolchain/avr32 gcc/native/3.4.1057/avr32-gnu-toolchain/bin/../lib/gcc/avr32/4.4.7/ucr2\libgcc.a(_udivdi3.o)
 .debug_aranges
                0x00000ce0       0x20 c:/program files (x86)/atmel/atmel toolchain/avr32 gcc/native/3.4.1057/avr32-gnu-toolchain/bin/../lib/gcc/avr32/4.4.7/ucr2\libgcc.a(_umoddi3.o)

.debug_pubnames
                0x00000000     0x177b
 *(.debug_pubnames)
 .debug_pubnames
                0x00000000      0x183 src/CAN/can.o
 .debug_pubnames
                0x00000183       0x37 src/main.o
 .debug_pubnames
                0x000001ba       0xf6 src/ASF/avr32/boards/evk1100/led.o
 .debug_pubnames
                0x000002b0      0x114 src/ASF/avr32/components/display/dip204/dip204.o
 .debug_pubnames
                0x000003c4      0x330 src/ASF/avr32/drivers/gpio/gpio.o
 .debug_pubnames
                0x000006f4       0x62 src/ASF/avr32/drivers/intc/intc.o
 .debug_pubnames
                0x00000756      0x3ee src/ASF/avr32/drivers/pm/pm.o
 .debug_pubnames
                0x00000b44       0x9a src/ASF/avr32/drivers/pwm/pwm.o
 .debug_pubnames
                0x00000bde      0x178 src/ASF/avr32/drivers/spi/spi.o
 .debug_pubnames
                0x00000d56       0x2f c:/program files (x86)/atmel/atmel toolchain/avr32 gcc/native/3.4.1057/avr32-gnu-toolchain/bin/../lib/gcc/avr32/4.4.7/../../../../avr32/lib/ucr2\libc.a(lib_a-vsprintf.o)
 .debug_pubnames
                0x00000d85       0x39 c:/program files (x86)/atmel/atmel toolchain/avr32 gcc/native/3.4.1057/avr32-gnu-toolchain/bin/../lib/gcc/avr32/4.4.7/../../../../avr32/lib/ucr2\libc.a(lib_a-impure.o)
 .debug_pubnames
                0x00000dbe       0x2f c:/program files (x86)/atmel/atmel toolchain/avr32 gcc/native/3.4.1057/avr32-gnu-toolchain/bin/../lib/gcc/avr32/4.4.7/../../../../avr32/lib/ucr2\libc.a(lib_a-vfprintf.o)
 .debug_pubnames
                0x00000ded       0x22 c:/program files (x86)/atmel/atmel toolchain/avr32 gcc/native/3.4.1057/avr32-gnu-toolchain/bin/../lib/gcc/avr32/4.4.7/../../../../avr32/lib/ucr2\libc.a(lib_a-wsetup.o)
 .debug_pubnames
                0x00000e0f       0x1e c:/program files (x86)/atmel/atmel toolchain/avr32 gcc/native/3.4.1057/avr32-gnu-toolchain/bin/../lib/gcc/avr32/4.4.7/../../../../avr32/lib/ucr2\libc.a(lib_a-dtoa.o)
 .debug_pubnames
                0x00000e2d       0x2b c:/program files (x86)/atmel/atmel toolchain/avr32 gcc/native/3.4.1057/avr32-gnu-toolchain/bin/../lib/gcc/avr32/4.4.7/../../../../avr32/lib/ucr2\libc.a(lib_a-fflush.o)
 .debug_pubnames
                0x00000e58      0x119 c:/program files (x86)/atmel/atmel toolchain/avr32 gcc/native/3.4.1057/avr32-gnu-toolchain/bin/../lib/gcc/avr32/4.4.7/../../../../avr32/lib/ucr2\libc.a(lib_a-findfp.o)
 .debug_pubnames
                0x00000f71       0x31 c:/program files (x86)/atmel/atmel toolchain/avr32 gcc/native/3.4.1057/avr32-gnu-toolchain/bin/../lib/gcc/avr32/4.4.7/../../../../avr32/lib/ucr2\libc.a(lib_a-freer.o)
 .debug_pubnames
                0x00000fa2       0x23 c:/program files (x86)/atmel/atmel toolchain/avr32 gcc/native/3.4.1057/avr32-gnu-toolchain/bin/../lib/gcc/avr32/4.4.7/../../../../avr32/lib/ucr2\libc.a(lib_a-fvwrite.o)
 .debug_pubnames
                0x00000fc5       0x2e c:/program files (x86)/atmel/atmel toolchain/avr32 gcc/native/3.4.1057/avr32-gnu-toolchain/bin/../lib/gcc/avr32/4.4.7/../../../../avr32/lib/ucr2\libc.a(lib_a-fwalk.o)
 .debug_pubnames
                0x00000ff3       0xc3 c:/program files (x86)/atmel/atmel toolchain/avr32 gcc/native/3.4.1057/avr32-gnu-toolchain/bin/../lib/gcc/avr32/4.4.7/../../../../avr32/lib/ucr2\libc.a(lib_a-locale.o)
 .debug_pubnames
                0x000010b6       0x23 c:/program files (x86)/atmel/atmel toolchain/avr32 gcc/native/3.4.1057/avr32-gnu-toolchain/bin/../lib/gcc/avr32/4.4.7/../../../../avr32/lib/ucr2\libc.a(lib_a-makebuf.o)
 .debug_pubnames
                0x000010d9       0x26 c:/program files (x86)/atmel/atmel toolchain/avr32 gcc/native/3.4.1057/avr32-gnu-toolchain/bin/../lib/gcc/avr32/4.4.7/../../../../avr32/lib/ucr2\libc.a(lib_a-malloc.o)
 .debug_pubnames
                0x000010ff       0xce c:/program files (x86)/atmel/atmel toolchain/avr32 gcc/native/3.4.1057/avr32-gnu-toolchain/bin/../lib/gcc/avr32/4.4.7/../../../../avr32/lib/ucr2\libc.a(lib_a-mallocr.o)
 .debug_pubnames
                0x000011cd       0x1d c:/program files (x86)/atmel/atmel toolchain/avr32 gcc/native/3.4.1057/avr32-gnu-toolchain/bin/../lib/gcc/avr32/4.4.7/../../../../avr32/lib/ucr2\libc.a(lib_a-memchr.o)
 .debug_pubnames
                0x000011ea       0x1e c:/program files (x86)/atmel/atmel toolchain/avr32 gcc/native/3.4.1057/avr32-gnu-toolchain/bin/../lib/gcc/avr32/4.4.7/../../../../avr32/lib/ucr2\libc.a(lib_a-memmove.o)
 .debug_pubnames
                0x00001208       0x1d c:/program files (x86)/atmel/atmel toolchain/avr32 gcc/native/3.4.1057/avr32-gnu-toolchain/bin/../lib/gcc/avr32/4.4.7/../../../../avr32/lib/ucr2\libc.a(lib_a-memset.o)
 .debug_pubnames
                0x00001225       0x38 c:/program files (x86)/atmel/atmel toolchain/avr32 gcc/native/3.4.1057/avr32-gnu-toolchain/bin/../lib/gcc/avr32/4.4.7/../../../../avr32/lib/ucr2\libc.a(lib_a-mlock.o)
 .debug_pubnames
                0x0000125d      0x13a c:/program files (x86)/atmel/atmel toolchain/avr32 gcc/native/3.4.1057/avr32-gnu-toolchain/bin/../lib/gcc/avr32/4.4.7/../../../../avr32/lib/ucr2\libc.a(lib_a-mprec.o)
 .debug_pubnames
                0x00001397       0x21 c:/program files (x86)/atmel/atmel toolchain/avr32 gcc/native/3.4.1057/avr32-gnu-toolchain/bin/../lib/gcc/avr32/4.4.7/../../../../avr32/lib/ucr2\libc.a(lib_a-reallocr.o)
 .debug_pubnames
                0x000013b8       0x1f c:/program files (x86)/atmel/atmel toolchain/avr32 gcc/native/3.4.1057/avr32-gnu-toolchain/bin/../lib/gcc/avr32/4.4.7/../../../../avr32/lib/ucr2\libc.a(lib_a-s_isinfd.o)
 .debug_pubnames
                0x000013d7       0x1f c:/program files (x86)/atmel/atmel toolchain/avr32 gcc/native/3.4.1057/avr32-gnu-toolchain/bin/../lib/gcc/avr32/4.4.7/../../../../avr32/lib/ucr2\libc.a(lib_a-s_isnand.o)
 .debug_pubnames
                0x000013f6       0x1e c:/program files (x86)/atmel/atmel toolchain/avr32 gcc/native/3.4.1057/avr32-gnu-toolchain/bin/../lib/gcc/avr32/4.4.7/../../../../avr32/lib/ucr2\libc.a(lib_a-sbrkr.o)
 .debug_pubnames
                0x00001414       0x44 c:/program files (x86)/atmel/atmel toolchain/avr32 gcc/native/3.4.1057/avr32-gnu-toolchain/bin/../lib/gcc/avr32/4.4.7/../../../../avr32/lib/ucr2\libc.a(lib_a-stdio.o)
 .debug_pubnames
                0x00001458       0x1d c:/program files (x86)/atmel/atmel toolchain/avr32 gcc/native/3.4.1057/avr32-gnu-toolchain/bin/../lib/gcc/avr32/4.4.7/../../../../avr32/lib/ucr2\libc.a(lib_a-strlen.o)
 .debug_pubnames
                0x00001475      0x171 c:/program files (x86)/atmel/atmel toolchain/avr32 gcc/native/3.4.1057/avr32-gnu-toolchain/bin/../lib/gcc/avr32/4.4.7/../../../../avr32/lib/ucr2\libc.a(lib_a-syscalls.o)
 .debug_pubnames
                0x000015e6       0x1f c:/program files (x86)/atmel/atmel toolchain/avr32 gcc/native/3.4.1057/avr32-gnu-toolchain/bin/../lib/gcc/avr32/4.4.7/../../../../avr32/lib/ucr2\libc.a(lib_a-writer.o)
 .debug_pubnames
                0x00001605       0x20 c:/program files (x86)/atmel/atmel toolchain/avr32 gcc/native/3.4.1057/avr32-gnu-toolchain/bin/../lib/gcc/avr32/4.4.7/../../../../avr32/lib/ucr2\libc.a(lib_a-callocr.o)
 .debug_pubnames
                0x00001625       0x1f c:/program files (x86)/atmel/atmel toolchain/avr32 gcc/native/3.4.1057/avr32-gnu-toolchain/bin/../lib/gcc/avr32/4.4.7/../../../../avr32/lib/ucr2\libc.a(lib_a-closer.o)
 .debug_pubnames
                0x00001644       0x1e c:/program files (x86)/atmel/atmel toolchain/avr32 gcc/native/3.4.1057/avr32-gnu-toolchain/bin/../lib/gcc/avr32/4.4.7/../../../../avr32/lib/ucr2\libc.a(lib_a-errno.o)
 .debug_pubnames
                0x00001662       0x2b c:/program files (x86)/atmel/atmel toolchain/avr32 gcc/native/3.4.1057/avr32-gnu-toolchain/bin/../lib/gcc/avr32/4.4.7/../../../../avr32/lib/ucr2\libc.a(lib_a-fclose.o)
 .debug_pubnames
                0x0000168d       0x1f c:/program files (x86)/atmel/atmel toolchain/avr32 gcc/native/3.4.1057/avr32-gnu-toolchain/bin/../lib/gcc/avr32/4.4.7/../../../../avr32/lib/ucr2\libc.a(lib_a-fstatr.o)
 .debug_pubnames
                0x000016ac       0x1f c:/program files (x86)/atmel/atmel toolchain/avr32 gcc/native/3.4.1057/avr32-gnu-toolchain/bin/../lib/gcc/avr32/4.4.7/../../../../avr32/lib/ucr2\libc.a(lib_a-lseekr.o)
 .debug_pubnames
                0x000016cb       0x1e c:/program files (x86)/atmel/atmel toolchain/avr32 gcc/native/3.4.1057/avr32-gnu-toolchain/bin/../lib/gcc/avr32/4.4.7/../../../../avr32/lib/ucr2\libc.a(lib_a-readr.o)
 .debug_pubnames
                0x000016e9       0x52 c:/program files (x86)/atmel/atmel toolchain/avr32 gcc/native/3.4.1057/avr32-gnu-toolchain/bin/../lib/gcc/avr32/4.4.7/../../../../avr32/lib/ucr2\libc.a(lib_a-reent.o)
 .debug_pubnames
                0x0000173b       0x20 c:/program files (x86)/atmel/atmel toolchain/avr32 gcc/native/3.4.1057/avr32-gnu-toolchain/bin/../lib/gcc/avr32/4.4.7/ucr2\libgcc.a(_udivdi3.o)
 .debug_pubnames
                0x0000175b       0x20 c:/program files (x86)/atmel/atmel toolchain/avr32 gcc/native/3.4.1057/avr32-gnu-toolchain/bin/../lib/gcc/avr32/4.4.7/ucr2\libgcc.a(_umoddi3.o)

.debug_info     0x00000000    0x1d7f8
 *(.debug_info .gnu.linkonce.wi.*)
 .debug_info    0x00000000     0x13a4 src/CAN/can.o
 .debug_info    0x000013a4     0x109b src/main.o
 .debug_info    0x0000243f      0xf01 src/ASF/avr32/boards/evk1100/led.o
 .debug_info    0x00003340     0x1419 src/ASF/avr32/components/display/dip204/dip204.o
 .debug_info    0x00004759      0xb1b src/ASF/avr32/drivers/gpio/gpio.o
 .debug_info    0x00005274       0x8b src/ASF/avr32/drivers/intc/exception.o
 .debug_info    0x000052ff      0x5b3 src/ASF/avr32/drivers/intc/intc.o
 .debug_info    0x000058b2     0x1a59 src/ASF/avr32/drivers/pm/pm.o
 .debug_info    0x0000730b      0xa08 src/ASF/avr32/drivers/pwm/pwm.o
 .debug_info    0x00007d13     0x1090 src/ASF/avr32/drivers/spi/spi.o
 .debug_info    0x00008da3       0x8a src/ASF/avr32/utils/startup/startup_uc3.o
 .debug_info    0x00008e2d       0x91 src/ASF/avr32/utils/startup/trampoline_uc3.o
 .debug_info    0x00008ebe      0x96c c:/program files (x86)/atmel/atmel toolchain/avr32 gcc/native/3.4.1057/avr32-gnu-toolchain/bin/../lib/gcc/avr32/4.4.7/../../../../avr32/lib/ucr2\libc.a(lib_a-vsprintf.o)
 .debug_info    0x0000982a      0x960 c:/program files (x86)/atmel/atmel toolchain/avr32 gcc/native/3.4.1057/avr32-gnu-toolchain/bin/../lib/gcc/avr32/4.4.7/../../../../avr32/lib/ucr2\libc.a(lib_a-impure.o)
 .debug_info    0x0000a18a     0x15e8 c:/program files (x86)/atmel/atmel toolchain/avr32 gcc/native/3.4.1057/avr32-gnu-toolchain/bin/../lib/gcc/avr32/4.4.7/../../../../avr32/lib/ucr2\libc.a(lib_a-vfprintf.o)
 .debug_info    0x0000b772      0x982 c:/program files (x86)/atmel/atmel toolchain/avr32 gcc/native/3.4.1057/avr32-gnu-toolchain/bin/../lib/gcc/avr32/4.4.7/../../../../avr32/lib/ucr2\libc.a(lib_a-wsetup.o)
 .debug_info    0x0000c0f4      0xcf7 c:/program files (x86)/atmel/atmel toolchain/avr32 gcc/native/3.4.1057/avr32-gnu-toolchain/bin/../lib/gcc/avr32/4.4.7/../../../../avr32/lib/ucr2\libc.a(lib_a-dtoa.o)
 .debug_info    0x0000cdeb      0xa22 c:/program files (x86)/atmel/atmel toolchain/avr32 gcc/native/3.4.1057/avr32-gnu-toolchain/bin/../lib/gcc/avr32/4.4.7/../../../../avr32/lib/ucr2\libc.a(lib_a-fflush.o)
 .debug_info    0x0000d80d      0xc2a c:/program files (x86)/atmel/atmel toolchain/avr32 gcc/native/3.4.1057/avr32-gnu-toolchain/bin/../lib/gcc/avr32/4.4.7/../../../../avr32/lib/ucr2\libc.a(lib_a-findfp.o)
 .debug_info    0x0000e437      0xb3d c:/program files (x86)/atmel/atmel toolchain/avr32 gcc/native/3.4.1057/avr32-gnu-toolchain/bin/../lib/gcc/avr32/4.4.7/../../../../avr32/lib/ucr2\libc.a(lib_a-freer.o)
 .debug_info    0x0000ef74      0x9fc c:/program files (x86)/atmel/atmel toolchain/avr32 gcc/native/3.4.1057/avr32-gnu-toolchain/bin/../lib/gcc/avr32/4.4.7/../../../../avr32/lib/ucr2\libc.a(lib_a-fvwrite.o)
 .debug_info    0x0000f970      0xa61 c:/program files (x86)/atmel/atmel toolchain/avr32 gcc/native/3.4.1057/avr32-gnu-toolchain/bin/../lib/gcc/avr32/4.4.7/../../../../avr32/lib/ucr2\libc.a(lib_a-fwalk.o)
 .debug_info    0x000103d1      0xb24 c:/program files (x86)/atmel/atmel toolchain/avr32 gcc/native/3.4.1057/avr32-gnu-toolchain/bin/../lib/gcc/avr32/4.4.7/../../../../avr32/lib/ucr2\libc.a(lib_a-locale.o)
 .debug_info    0x00010ef5      0xa96 c:/program files (x86)/atmel/atmel toolchain/avr32 gcc/native/3.4.1057/avr32-gnu-toolchain/bin/../lib/gcc/avr32/4.4.7/../../../../avr32/lib/ucr2\libc.a(lib_a-makebuf.o)
 .debug_info    0x0001198b      0x8ea c:/program files (x86)/atmel/atmel toolchain/avr32 gcc/native/3.4.1057/avr32-gnu-toolchain/bin/../lib/gcc/avr32/4.4.7/../../../../avr32/lib/ucr2\libc.a(lib_a-malloc.o)
 .debug_info    0x00012275      0xc4e c:/program files (x86)/atmel/atmel toolchain/avr32 gcc/native/3.4.1057/avr32-gnu-toolchain/bin/../lib/gcc/avr32/4.4.7/../../../../avr32/lib/ucr2\libc.a(lib_a-mallocr.o)
 .debug_info    0x00012ec3       0xe7 c:/program files (x86)/atmel/atmel toolchain/avr32 gcc/native/3.4.1057/avr32-gnu-toolchain/bin/../lib/gcc/avr32/4.4.7/../../../../avr32/lib/ucr2\libc.a(lib_a-memchr.o)
 .debug_info    0x00012faa      0x102 c:/program files (x86)/atmel/atmel toolchain/avr32 gcc/native/3.4.1057/avr32-gnu-toolchain/bin/../lib/gcc/avr32/4.4.7/../../../../avr32/lib/ucr2\libc.a(lib_a-memmove.o)
 .debug_info    0x000130ac       0xcd c:/program files (x86)/atmel/atmel toolchain/avr32 gcc/native/3.4.1057/avr32-gnu-toolchain/bin/../lib/gcc/avr32/4.4.7/../../../../avr32/lib/ucr2\libc.a(lib_a-memset.o)
 .debug_info    0x00013179      0x8cf c:/program files (x86)/atmel/atmel toolchain/avr32 gcc/native/3.4.1057/avr32-gnu-toolchain/bin/../lib/gcc/avr32/4.4.7/../../../../avr32/lib/ucr2\libc.a(lib_a-mlock.o)
 .debug_info    0x00013a48     0x149a c:/program files (x86)/atmel/atmel toolchain/avr32 gcc/native/3.4.1057/avr32-gnu-toolchain/bin/../lib/gcc/avr32/4.4.7/../../../../avr32/lib/ucr2\libc.a(lib_a-mprec.o)
 .debug_info    0x00014ee2      0xb17 c:/program files (x86)/atmel/atmel toolchain/avr32 gcc/native/3.4.1057/avr32-gnu-toolchain/bin/../lib/gcc/avr32/4.4.7/../../../../avr32/lib/ucr2\libc.a(lib_a-reallocr.o)
 .debug_info    0x000159f9      0x14d c:/program files (x86)/atmel/atmel toolchain/avr32 gcc/native/3.4.1057/avr32-gnu-toolchain/bin/../lib/gcc/avr32/4.4.7/../../../../avr32/lib/ucr2\libc.a(lib_a-s_isinfd.o)
 .debug_info    0x00015b46      0x14c c:/program files (x86)/atmel/atmel toolchain/avr32 gcc/native/3.4.1057/avr32-gnu-toolchain/bin/../lib/gcc/avr32/4.4.7/../../../../avr32/lib/ucr2\libc.a(lib_a-s_isnand.o)
 .debug_info    0x00015c92      0x8de c:/program files (x86)/atmel/atmel toolchain/avr32 gcc/native/3.4.1057/avr32-gnu-toolchain/bin/../lib/gcc/avr32/4.4.7/../../../../avr32/lib/ucr2\libc.a(lib_a-sbrkr.o)
 .debug_info    0x00016570      0xa28 c:/program files (x86)/atmel/atmel toolchain/avr32 gcc/native/3.4.1057/avr32-gnu-toolchain/bin/../lib/gcc/avr32/4.4.7/../../../../avr32/lib/ucr2\libc.a(lib_a-stdio.o)
 .debug_info    0x00016f98       0xbe c:/program files (x86)/atmel/atmel toolchain/avr32 gcc/native/3.4.1057/avr32-gnu-toolchain/bin/../lib/gcc/avr32/4.4.7/../../../../avr32/lib/ucr2\libc.a(lib_a-strlen.o)
 .debug_info    0x00017056      0x93a c:/program files (x86)/atmel/atmel toolchain/avr32 gcc/native/3.4.1057/avr32-gnu-toolchain/bin/../lib/gcc/avr32/4.4.7/../../../../avr32/lib/ucr2\libc.a(lib_a-syscalls.o)
 .debug_info    0x00017990      0x90d c:/program files (x86)/atmel/atmel toolchain/avr32 gcc/native/3.4.1057/avr32-gnu-toolchain/bin/../lib/gcc/avr32/4.4.7/../../../../avr32/lib/ucr2\libc.a(lib_a-writer.o)
 .debug_info    0x0001829d      0x997 c:/program files (x86)/atmel/atmel toolchain/avr32 gcc/native/3.4.1057/avr32-gnu-toolchain/bin/../lib/gcc/avr32/4.4.7/../../../../avr32/lib/ucr2\libc.a(lib_a-callocr.o)
 .debug_info    0x00018c34      0x8d2 c:/program files (x86)/atmel/atmel toolchain/avr32 gcc/native/3.4.1057/avr32-gnu-toolchain/bin/../lib/gcc/avr32/4.4.7/../../../../avr32/lib/ucr2\libc.a(lib_a-closer.o)
 .debug_info    0x00019506      0x8a6 c:/program files (x86)/atmel/atmel toolchain/avr32 gcc/native/3.4.1057/avr32-gnu-toolchain/bin/../lib/gcc/avr32/4.4.7/../../../../avr32/lib/ucr2\libc.a(lib_a-errno.o)
 .debug_info    0x00019dac      0x9bc c:/program files (x86)/atmel/atmel toolchain/avr32 gcc/native/3.4.1057/avr32-gnu-toolchain/bin/../lib/gcc/avr32/4.4.7/../../../../avr32/lib/ucr2\libc.a(lib_a-fclose.o)
 .debug_info    0x0001a768      0xa76 c:/program files (x86)/atmel/atmel toolchain/avr32 gcc/native/3.4.1057/avr32-gnu-toolchain/bin/../lib/gcc/avr32/4.4.7/../../../../avr32/lib/ucr2\libc.a(lib_a-fstatr.o)
 .debug_info    0x0001b1de      0x8fb c:/program files (x86)/atmel/atmel toolchain/avr32 gcc/native/3.4.1057/avr32-gnu-toolchain/bin/../lib/gcc/avr32/4.4.7/../../../../avr32/lib/ucr2\libc.a(lib_a-lseekr.o)
 .debug_info    0x0001bad9      0x906 c:/program files (x86)/atmel/atmel toolchain/avr32 gcc/native/3.4.1057/avr32-gnu-toolchain/bin/../lib/gcc/avr32/4.4.7/../../../../avr32/lib/ucr2\libc.a(lib_a-readr.o)
 .debug_info    0x0001c3df      0x973 c:/program files (x86)/atmel/atmel toolchain/avr32 gcc/native/3.4.1057/avr32-gnu-toolchain/bin/../lib/gcc/avr32/4.4.7/../../../../avr32/lib/ucr2\libc.a(lib_a-reent.o)
 .debug_info    0x0001cd52      0x57b c:/program files (x86)/atmel/atmel toolchain/avr32 gcc/native/3.4.1057/avr32-gnu-toolchain/bin/../lib/gcc/avr32/4.4.7/ucr2\libgcc.a(_udivdi3.o)
 .debug_info    0x0001d2cd      0x52b c:/program files (x86)/atmel/atmel toolchain/avr32 gcc/native/3.4.1057/avr32-gnu-toolchain/bin/../lib/gcc/avr32/4.4.7/ucr2\libgcc.a(_umoddi3.o)

.debug_abbrev   0x00000000     0x50df
 *(.debug_abbrev)
 .debug_abbrev  0x00000000      0x2ff src/CAN/can.o
 .debug_abbrev  0x000002ff      0x222 src/main.o
 .debug_abbrev  0x00000521      0x286 src/ASF/avr32/boards/evk1100/led.o
 .debug_abbrev  0x000007a7      0x2da src/ASF/avr32/components/display/dip204/dip204.o
 .debug_abbrev  0x00000a81      0x28b src/ASF/avr32/drivers/gpio/gpio.o
 .debug_abbrev  0x00000d0c       0x14 src/ASF/avr32/drivers/intc/exception.o
 .debug_abbrev  0x00000d20      0x1f2 src/ASF/avr32/drivers/intc/intc.o
 .debug_abbrev  0x00000f12      0x2d1 src/ASF/avr32/drivers/pm/pm.o
 .debug_abbrev  0x000011e3      0x19d src/ASF/avr32/drivers/pwm/pwm.o
 .debug_abbrev  0x00001380      0x281 src/ASF/avr32/drivers/spi/spi.o
 .debug_abbrev  0x00001601       0x12 src/ASF/avr32/utils/startup/startup_uc3.o
 .debug_abbrev  0x00001613       0x14 src/ASF/avr32/utils/startup/trampoline_uc3.o
 .debug_abbrev  0x00001627      0x19f c:/program files (x86)/atmel/atmel toolchain/avr32 gcc/native/3.4.1057/avr32-gnu-toolchain/bin/../lib/gcc/avr32/4.4.7/../../../../avr32/lib/ucr2\libc.a(lib_a-vsprintf.o)
 .debug_abbrev  0x000017c6      0x160 c:/program files (x86)/atmel/atmel toolchain/avr32 gcc/native/3.4.1057/avr32-gnu-toolchain/bin/../lib/gcc/avr32/4.4.7/../../../../avr32/lib/ucr2\libc.a(lib_a-impure.o)
 .debug_abbrev  0x00001926      0x3dd c:/program files (x86)/atmel/atmel toolchain/avr32 gcc/native/3.4.1057/avr32-gnu-toolchain/bin/../lib/gcc/avr32/4.4.7/../../../../avr32/lib/ucr2\libc.a(lib_a-vfprintf.o)
 .debug_abbrev  0x00001d03      0x16a c:/program files (x86)/atmel/atmel toolchain/avr32 gcc/native/3.4.1057/avr32-gnu-toolchain/bin/../lib/gcc/avr32/4.4.7/../../../../avr32/lib/ucr2\libc.a(lib_a-wsetup.o)
 .debug_abbrev  0x00001e6d      0x251 c:/program files (x86)/atmel/atmel toolchain/avr32 gcc/native/3.4.1057/avr32-gnu-toolchain/bin/../lib/gcc/avr32/4.4.7/../../../../avr32/lib/ucr2\libc.a(lib_a-dtoa.o)
 .debug_abbrev  0x000020be      0x1c6 c:/program files (x86)/atmel/atmel toolchain/avr32 gcc/native/3.4.1057/avr32-gnu-toolchain/bin/../lib/gcc/avr32/4.4.7/../../../../avr32/lib/ucr2\libc.a(lib_a-fflush.o)
 .debug_abbrev  0x00002284      0x28c c:/program files (x86)/atmel/atmel toolchain/avr32 gcc/native/3.4.1057/avr32-gnu-toolchain/bin/../lib/gcc/avr32/4.4.7/../../../../avr32/lib/ucr2\libc.a(lib_a-findfp.o)
 .debug_abbrev  0x00002510      0x1d9 c:/program files (x86)/atmel/atmel toolchain/avr32 gcc/native/3.4.1057/avr32-gnu-toolchain/bin/../lib/gcc/avr32/4.4.7/../../../../avr32/lib/ucr2\libc.a(lib_a-freer.o)
 .debug_abbrev  0x000026e9      0x1b4 c:/program files (x86)/atmel/atmel toolchain/avr32 gcc/native/3.4.1057/avr32-gnu-toolchain/bin/../lib/gcc/avr32/4.4.7/../../../../avr32/lib/ucr2\libc.a(lib_a-fvwrite.o)
 .debug_abbrev  0x0000289d      0x1df c:/program files (x86)/atmel/atmel toolchain/avr32 gcc/native/3.4.1057/avr32-gnu-toolchain/bin/../lib/gcc/avr32/4.4.7/../../../../avr32/lib/ucr2\libc.a(lib_a-fwalk.o)
 .debug_abbrev  0x00002a7c      0x210 c:/program files (x86)/atmel/atmel toolchain/avr32 gcc/native/3.4.1057/avr32-gnu-toolchain/bin/../lib/gcc/avr32/4.4.7/../../../../avr32/lib/ucr2\libc.a(lib_a-locale.o)
 .debug_abbrev  0x00002c8c      0x17b c:/program files (x86)/atmel/atmel toolchain/avr32 gcc/native/3.4.1057/avr32-gnu-toolchain/bin/../lib/gcc/avr32/4.4.7/../../../../avr32/lib/ucr2\libc.a(lib_a-makebuf.o)
 .debug_abbrev  0x00002e07      0x178 c:/program files (x86)/atmel/atmel toolchain/avr32 gcc/native/3.4.1057/avr32-gnu-toolchain/bin/../lib/gcc/avr32/4.4.7/../../../../avr32/lib/ucr2\libc.a(lib_a-malloc.o)
 .debug_abbrev  0x00002f7f      0x205 c:/program files (x86)/atmel/atmel toolchain/avr32 gcc/native/3.4.1057/avr32-gnu-toolchain/bin/../lib/gcc/avr32/4.4.7/../../../../avr32/lib/ucr2\libc.a(lib_a-mallocr.o)
 .debug_abbrev  0x00003184       0xb1 c:/program files (x86)/atmel/atmel toolchain/avr32 gcc/native/3.4.1057/avr32-gnu-toolchain/bin/../lib/gcc/avr32/4.4.7/../../../../avr32/lib/ucr2\libc.a(lib_a-memchr.o)
 .debug_abbrev  0x00003235       0xa2 c:/program files (x86)/atmel/atmel toolchain/avr32 gcc/native/3.4.1057/avr32-gnu-toolchain/bin/../lib/gcc/avr32/4.4.7/../../../../avr32/lib/ucr2\libc.a(lib_a-memmove.o)
 .debug_abbrev  0x000032d7       0x85 c:/program files (x86)/atmel/atmel toolchain/avr32 gcc/native/3.4.1057/avr32-gnu-toolchain/bin/../lib/gcc/avr32/4.4.7/../../../../avr32/lib/ucr2\libc.a(lib_a-memset.o)
 .debug_abbrev  0x0000335c      0x15b c:/program files (x86)/atmel/atmel toolchain/avr32 gcc/native/3.4.1057/avr32-gnu-toolchain/bin/../lib/gcc/avr32/4.4.7/../../../../avr32/lib/ucr2\libc.a(lib_a-mlock.o)
 .debug_abbrev  0x000034b7      0x30e c:/program files (x86)/atmel/atmel toolchain/avr32 gcc/native/3.4.1057/avr32-gnu-toolchain/bin/../lib/gcc/avr32/4.4.7/../../../../avr32/lib/ucr2\libc.a(lib_a-mprec.o)
 .debug_abbrev  0x000037c5      0x1c1 c:/program files (x86)/atmel/atmel toolchain/avr32 gcc/native/3.4.1057/avr32-gnu-toolchain/bin/../lib/gcc/avr32/4.4.7/../../../../avr32/lib/ucr2\libc.a(lib_a-reallocr.o)
 .debug_abbrev  0x00003986       0xdd c:/program files (x86)/atmel/atmel toolchain/avr32 gcc/native/3.4.1057/avr32-gnu-toolchain/bin/../lib/gcc/avr32/4.4.7/../../../../avr32/lib/ucr2\libc.a(lib_a-s_isinfd.o)
 .debug_abbrev  0x00003a63       0xce c:/program files (x86)/atmel/atmel toolchain/avr32 gcc/native/3.4.1057/avr32-gnu-toolchain/bin/../lib/gcc/avr32/4.4.7/../../../../avr32/lib/ucr2\libc.a(lib_a-s_isnand.o)
 .debug_abbrev  0x00003b31      0x17f c:/program files (x86)/atmel/atmel toolchain/avr32 gcc/native/3.4.1057/avr32-gnu-toolchain/bin/../lib/gcc/avr32/4.4.7/../../../../avr32/lib/ucr2\libc.a(lib_a-sbrkr.o)
 .debug_abbrev  0x00003cb0      0x192 c:/program files (x86)/atmel/atmel toolchain/avr32 gcc/native/3.4.1057/avr32-gnu-toolchain/bin/../lib/gcc/avr32/4.4.7/../../../../avr32/lib/ucr2\libc.a(lib_a-stdio.o)
 .debug_abbrev  0x00003e42       0x83 c:/program files (x86)/atmel/atmel toolchain/avr32 gcc/native/3.4.1057/avr32-gnu-toolchain/bin/../lib/gcc/avr32/4.4.7/../../../../avr32/lib/ucr2\libc.a(lib_a-strlen.o)
 .debug_abbrev  0x00003ec5      0x19a c:/program files (x86)/atmel/atmel toolchain/avr32 gcc/native/3.4.1057/avr32-gnu-toolchain/bin/../lib/gcc/avr32/4.4.7/../../../../avr32/lib/ucr2\libc.a(lib_a-syscalls.o)
 .debug_abbrev  0x0000405f      0x175 c:/program files (x86)/atmel/atmel toolchain/avr32 gcc/native/3.4.1057/avr32-gnu-toolchain/bin/../lib/gcc/avr32/4.4.7/../../../../avr32/lib/ucr2\libc.a(lib_a-writer.o)
 .debug_abbrev  0x000041d4      0x193 c:/program files (x86)/atmel/atmel toolchain/avr32 gcc/native/3.4.1057/avr32-gnu-toolchain/bin/../lib/gcc/avr32/4.4.7/../../../../avr32/lib/ucr2\libc.a(lib_a-callocr.o)
 .debug_abbrev  0x00004367      0x170 c:/program files (x86)/atmel/atmel toolchain/avr32 gcc/native/3.4.1057/avr32-gnu-toolchain/bin/../lib/gcc/avr32/4.4.7/../../../../avr32/lib/ucr2\libc.a(lib_a-closer.o)
 .debug_abbrev  0x000044d7      0x150 c:/program files (x86)/atmel/atmel toolchain/avr32 gcc/native/3.4.1057/avr32-gnu-toolchain/bin/../lib/gcc/avr32/4.4.7/../../../../avr32/lib/ucr2\libc.a(lib_a-errno.o)
 .debug_abbrev  0x00004627      0x1a1 c:/program files (x86)/atmel/atmel toolchain/avr32 gcc/native/3.4.1057/avr32-gnu-toolchain/bin/../lib/gcc/avr32/4.4.7/../../../../avr32/lib/ucr2\libc.a(lib_a-fclose.o)
 .debug_abbrev  0x000047c8      0x17f c:/program files (x86)/atmel/atmel toolchain/avr32 gcc/native/3.4.1057/avr32-gnu-toolchain/bin/../lib/gcc/avr32/4.4.7/../../../../avr32/lib/ucr2\libc.a(lib_a-fstatr.o)
 .debug_abbrev  0x00004947      0x17f c:/program files (x86)/atmel/atmel toolchain/avr32 gcc/native/3.4.1057/avr32-gnu-toolchain/bin/../lib/gcc/avr32/4.4.7/../../../../avr32/lib/ucr2\libc.a(lib_a-lseekr.o)
 .debug_abbrev  0x00004ac6      0x170 c:/program files (x86)/atmel/atmel toolchain/avr32 gcc/native/3.4.1057/avr32-gnu-toolchain/bin/../lib/gcc/avr32/4.4.7/../../../../avr32/lib/ucr2\libc.a(lib_a-readr.o)
 .debug_abbrev  0x00004c36      0x1e6 c:/program files (x86)/atmel/atmel toolchain/avr32 gcc/native/3.4.1057/avr32-gnu-toolchain/bin/../lib/gcc/avr32/4.4.7/../../../../avr32/lib/ucr2\libc.a(lib_a-reent.o)